{"timestamp":"2025-10-09T20:00:02.997755Z","level":"info","event":"DAG bundles loaded: dags-folder","logger":"airflow.dag_processing.bundles.manager.DagBundlesManager","filename":"manager.py","lineno":179}
{"timestamp":"2025-10-09T20:00:03.004686Z","level":"info","event":"Filling up the DagBag from /opt/airflow/dags/get_data_with_airflow.py","logger":"airflow.models.dagbag.DagBag","filename":"dagbag.py","lineno":593}
{"timestamp":"2025-10-09T20:00:06.486898Z","level":"warning","event":"The `airflow.operators.python.PythonOperator` attribute is deprecated. Please use `'airflow.providers.standard.operators.python.PythonOperator'`.","category":"DeprecatedImportWarning","filename":"/opt/airflow/dags/get_data_with_airflow.py","lineno":4,"logger":"py.warnings"}
{"timestamp":"2025-10-09T20:00:06.488615Z","level":"warning","event":"The `airflow.operators.bash.BashOperator` attribute is deprecated. Please use `'airflow.providers.standard.operators.bash.BashOperator'`.","category":"DeprecatedImportWarning","filename":"/opt/airflow/dags/get_data_with_airflow.py","lineno":5,"logger":"py.warnings"}
{"timestamp":"2025-10-09T20:00:08.188443Z","level":"info","event":"..................TÜRKİYE VE YAKIN ÇEVRESİNDEKİ SON DEPREMLER....................","logger":"task.stdout"}
{"timestamp":"2025-10-09T20:00:08.193936Z","level":"info","event":".....BÖLGESEL DEPREM-TSUNAMİ İZLEME VE DEĞERLENDİRME MERKEZİ HIZLI ÇÖZÜMLERİ.....","logger":"task.stdout"}
{"timestamp":"2025-10-09T20:00:08.194105Z","level":"info","event":"......(YAPAY SARSINTI ANALİZİ YAPILMAMIŞTIR) Son 500 deprem listelenmiştir......","logger":"task.stdout"}
{"timestamp":"2025-10-09T20:00:08.194323Z","level":"info","event":"                                                        Büyüklük","logger":"task.stdout"}
{"timestamp":"2025-10-09T20:00:08.194443Z","level":"info","event":"Tarih      Saat      Enlem(N)  Boylam(E) Derinlik(km)  MD   ML   Mw    Yer                                             Çözüm Niteliği","logger":"task.stdout"}
{"timestamp":"2025-10-09T20:00:08.194524Z","level":"info","event":"---------- --------  --------  -------   ----------","logger":"task.stdout"}
{"timestamp":"2025-10-09T20:00:08.331385Z","level":"info","event":"        tarih      saat    enlem  ...   ML   Mw                                yer","logger":"task.stdout"}
{"timestamp":"2025-10-09T20:00:08.332419Z","level":"info","event":"0  2025.10.09  22:47:06  39.2567  ...  2.2  -.-    KARAKOCA-SIMAV (KUTAHYA) İlksel","logger":"task.stdout"}
{"timestamp":"2025-10-09T20:00:08.332929Z","level":"info","event":"1  2025.10.09  22:45:16  39.1827  ...  1.9  -.-  AKTAS-SINDIRGI (BALIKESIR) İlksel","logger":"task.stdout"}
{"timestamp":"2025-10-09T20:00:08.333102Z","level":"info","event":"2  2025.10.09  22:35:33  39.2488  ...  2.1  -.-     YENILER-SIMAV (KUTAHYA) İlksel","logger":"task.stdout"}
{"timestamp":"2025-10-09T20:00:08.333172Z","level":"info","event":"3  2025.10.09  22:25:26  37.5670  ...  3.2  3.3         CEVIZDIBI-(HAKKARI) İlksel","logger":"task.stdout"}
{"timestamp":"2025-10-09T20:00:08.333225Z","level":"info","event":"4  2025.10.09  22:20:19  39.1425  ...  1.5  -.-  AKTAS-SINDIRGI (BALIKESIR) İlksel","logger":"task.stdout"}
{"timestamp":"2025-10-09T20:00:08.333268Z","level":"info","event":"","logger":"task.stdout"}
{"timestamp":"2025-10-09T20:00:08.333328Z","level":"info","event":"[5 rows x 9 columns]","logger":"task.stdout"}
{"timestamp":"2025-10-09T20:00:08.283900Z","level":"info","event":"Successfully scraped 500 items.","logger":"root","filename":"get_data_with_airflow.py","lineno":59}
{"timestamp":"2025-10-09T20:00:08.285675Z","level":"info","event":"Done. Returned value was: 500","logger":"airflow.task.operators.airflow.providers.standard.operators.python.PythonOperator","filename":"python.py","lineno":218}
{"timestamp":"2025-10-09T20:00:08.287161Z","level":"info","event":"Pushing xcom","ti":"RuntimeTaskInstance(id=UUID('0199ca8f-1b14-75d2-b961-b76b79036e22'), task_id='fetch_earthquake_data', dag_id='kandilli_earthquake_data_pipeline_v4', run_id='scheduled__2025-10-09T20:00:00+00:00', try_number=1, dag_version_id=UUID('0199c655-a686-7cc3-ad60-450f04cdc43a'), map_index=-1, hostname='9cda2ffc2213', context_carrier={}, task=<Task(PythonOperator): fetch_earthquake_data>, bundle_instance=LocalDagBundle(name=dags-folder), max_tries=5, start_date=datetime.datetime(2025, 10, 9, 20, 0, 0, 760390, tzinfo=datetime.timezone.utc), end_date=None, state=<TaskInstanceState.RUNNING: 'running'>, is_mapped=False, rendered_map_index=None)","logger":"task","filename":"task_runner.py","lineno":1352}
