{"timestamp":"2025-11-09T18:37:12.869780Z","level":"info","event":"DAG bundles loaded: dags-folder","logger":"airflow.dag_processing.bundles.manager.DagBundlesManager","filename":"manager.py","lineno":179}
{"timestamp":"2025-11-09T18:37:12.872269Z","level":"info","event":"Filling up the DagBag from /opt/airflow/dags/get_data_with_airflow.py","logger":"airflow.models.dagbag.DagBag","filename":"dagbag.py","lineno":593}
{"timestamp":"2025-11-09T18:37:14.240998Z","level":"warning","event":"The `airflow.operators.python.PythonOperator` attribute is deprecated. Please use `'airflow.providers.standard.operators.python.PythonOperator'`.","category":"DeprecatedImportWarning","filename":"/opt/airflow/dags/get_data_with_airflow.py","lineno":4,"logger":"py.warnings"}
{"timestamp":"2025-11-09T18:37:14.241117Z","level":"warning","event":"The `airflow.operators.bash.BashOperator` attribute is deprecated. Please use `'airflow.providers.standard.operators.bash.BashOperator'`.","category":"DeprecatedImportWarning","filename":"/opt/airflow/dags/get_data_with_airflow.py","lineno":5,"logger":"py.warnings"}
{"timestamp":"2025-11-09T18:37:14.525458Z","level":"info","event":"..................TÜRKİYE VE YAKIN ÇEVRESİNDEKİ SON DEPREMLER....................","logger":"task.stdout"}
{"timestamp":"2025-11-09T18:37:14.530323Z","level":"info","event":".....BÖLGESEL DEPREM-TSUNAMİ İZLEME VE DEĞERLENDİRME MERKEZİ HIZLI ÇÖZÜMLERİ.....","logger":"task.stdout"}
{"timestamp":"2025-11-09T18:37:14.531681Z","level":"info","event":"......(YAPAY SARSINTI ANALİZİ YAPILMAMIŞTIR) Son 500 deprem listelenmiştir......","logger":"task.stdout"}
{"timestamp":"2025-11-09T18:37:14.531968Z","level":"info","event":"                                                        Büyüklük","logger":"task.stdout"}
{"timestamp":"2025-11-09T18:37:14.535359Z","level":"info","event":"Tarih      Saat      Enlem(N)  Boylam(E) Derinlik(km)  MD   ML   Mw    Yer                                             Çözüm Niteliği","logger":"task.stdout"}
{"timestamp":"2025-11-09T18:37:14.537513Z","level":"info","event":"---------- --------  --------  -------   ----------","logger":"task.stdout"}
{"timestamp":"2025-11-09T18:37:14.549327Z","level":"info","event":"        tarih      saat  ...   Mw                                         yer","logger":"task.stdout"}
{"timestamp":"2025-11-09T18:37:14.550215Z","level":"info","event":"0  2025.11.09  20:44:31  ...  -.-       ASLANDEDE-SINDIRGI (BALIKESIR) İlksel","logger":"task.stdout"}
{"timestamp":"2025-11-09T18:37:14.550309Z","level":"info","event":"1  2025.11.09  20:40:08  ...  -.-        YAYLACIK-SINDIRGI (BALIKESIR) İlksel","logger":"task.stdout"}
{"timestamp":"2025-11-09T18:37:14.550511Z","level":"info","event":"2  2025.11.09  20:33:31  ...  -.-        BAYRAKLI-SINDIRGI (BALIKESIR) İlksel","logger":"task.stdout"}
{"timestamp":"2025-11-09T18:37:14.550603Z","level":"info","event":"3  2025.11.09  20:31:58  ...  -.-    YALINTAS-ELBISTAN (KAHRAMANMARAS) İlksel","logger":"task.stdout"}
{"timestamp":"2025-11-09T18:37:14.550668Z","level":"info","event":"4  2025.11.09  20:28:25  ...  -.-  YOGUNSOGUT-ELBISTAN (KAHRAMANMARAS) İlksel","logger":"task.stdout"}
{"timestamp":"2025-11-09T18:37:14.550720Z","level":"info","event":"","logger":"task.stdout"}
{"timestamp":"2025-11-09T18:37:14.550778Z","level":"info","event":"[5 rows x 9 columns]","logger":"task.stdout"}
{"timestamp":"2025-11-09T18:37:14.548825Z","level":"info","event":"Successfully scraped 500 items.","logger":"root","filename":"get_data_with_airflow.py","lineno":69}
{"timestamp":"2025-11-09T18:37:14.549546Z","level":"info","event":"Done. Returned value was: 500","logger":"airflow.task.operators.airflow.providers.standard.operators.python.PythonOperator","filename":"python.py","lineno":218}
{"timestamp":"2025-11-09T18:37:14.549796Z","level":"info","event":"Pushing xcom","ti":"RuntimeTaskInstance(id=UUID('019a69e8-6d6d-7fe1-8790-14768056573c'), task_id='fetch_earthquake_data', dag_id='kandilli_earthquake_data_pipeline_v4', run_id='scheduled__2025-11-09T13:00:00+00:00', try_number=12, dag_version_id=UUID('0199d36c-84f6-7616-8149-d1895cb7cd08'), map_index=-1, hostname='134b923e6133', context_carrier={}, task=<Task(PythonOperator): fetch_earthquake_data>, bundle_instance=LocalDagBundle(name=dags-folder), max_tries=16, start_date=datetime.datetime(2025, 11, 9, 18, 37, 12, 648111, tzinfo=datetime.timezone.utc), end_date=None, state=<TaskInstanceState.RUNNING: 'running'>, is_mapped=False, rendered_map_index=None)","logger":"task","filename":"task_runner.py","lineno":1352}
