{"timestamp":"2025-10-25T18:32:59.228452Z","level":"info","event":"DAG bundles loaded: dags-folder","logger":"airflow.dag_processing.bundles.manager.DagBundlesManager","filename":"manager.py","lineno":179}
{"timestamp":"2025-10-25T18:32:59.228996Z","level":"info","event":"Filling up the DagBag from /opt/airflow/dags/get_data_with_airflow.py","logger":"airflow.models.dagbag.DagBag","filename":"dagbag.py","lineno":593}
{"timestamp":"2025-10-25T18:32:59.678177Z","level":"warning","event":"The `airflow.operators.python.PythonOperator` attribute is deprecated. Please use `'airflow.providers.standard.operators.python.PythonOperator'`.","category":"DeprecatedImportWarning","filename":"/opt/airflow/dags/get_data_with_airflow.py","lineno":4,"logger":"py.warnings"}
{"timestamp":"2025-10-25T18:32:59.678271Z","level":"warning","event":"The `airflow.operators.bash.BashOperator` attribute is deprecated. Please use `'airflow.providers.standard.operators.bash.BashOperator'`.","category":"DeprecatedImportWarning","filename":"/opt/airflow/dags/get_data_with_airflow.py","lineno":5,"logger":"py.warnings"}
{"timestamp":"2025-10-25T18:32:59.844185Z","level":"info","event":"..................TÜRKİYE VE YAKIN ÇEVRESİNDEKİ SON DEPREMLER....................","logger":"task.stdout"}
{"timestamp":"2025-10-25T18:32:59.848302Z","level":"info","event":".....BÖLGESEL DEPREM-TSUNAMİ İZLEME VE DEĞERLENDİRME MERKEZİ HIZLI ÇÖZÜMLERİ.....","logger":"task.stdout"}
{"timestamp":"2025-10-25T18:32:59.851082Z","level":"info","event":"......(YAPAY SARSINTI ANALİZİ YAPILMAMIŞTIR) Son 500 deprem listelenmiştir......","logger":"task.stdout"}
{"timestamp":"2025-10-25T18:32:59.852372Z","level":"info","event":"                                                        Büyüklük","logger":"task.stdout"}
{"timestamp":"2025-10-25T18:32:59.854075Z","level":"info","event":"Tarih      Saat      Enlem(N)  Boylam(E) Derinlik(km)  MD   ML   Mw    Yer                                             Çözüm Niteliği","logger":"task.stdout"}
{"timestamp":"2025-10-25T18:32:59.855066Z","level":"info","event":"---------- --------  --------  -------   ----------","logger":"task.stdout"}
{"timestamp":"2025-10-25T18:32:59.857085Z","level":"info","event":"        tarih      saat  ...   Mw                                    yer","logger":"task.stdout"}
{"timestamp":"2025-10-25T18:32:59.857250Z","level":"info","event":"0  2025.10.25  20:51:47  ...  3.1           GIRIT ADASI (AKDENIZ) İlksel","logger":"task.stdout"}
{"timestamp":"2025-10-25T18:32:59.858081Z","level":"info","event":"1  2025.10.25  03:32:33  ...  -.-      AKTAS-SINDIRGI (BALIKESIR) İlksel","logger":"task.stdout"}
{"timestamp":"2025-10-25T18:32:59.858182Z","level":"info","event":"2  2025.10.25  00:24:20  ...  3.3                         AKDENIZ İlksel","logger":"task.stdout"}
{"timestamp":"2025-10-25T18:32:59.858278Z","level":"info","event":"3  2025.10.24  18:23:33  ...  3.1    KARAGUR-SINDIRGI (BALIKESIR) İlksel","logger":"task.stdout"}
{"timestamp":"2025-10-25T18:32:59.858356Z","level":"info","event":"4  2025.10.24  06:07:19  ...  3.3  DEREBOGAZ-PALANDOKEN (ERZURUM) İlksel","logger":"task.stdout"}
{"timestamp":"2025-10-25T18:32:59.858434Z","level":"info","event":"","logger":"task.stdout"}
{"timestamp":"2025-10-25T18:32:59.858515Z","level":"info","event":"[5 rows x 9 columns]","logger":"task.stdout"}
{"timestamp":"2025-10-25T18:32:59.856985Z","level":"info","event":"Successfully scraped 15 items.","logger":"root","filename":"get_data_with_airflow.py","lineno":60}
{"timestamp":"2025-10-25T18:32:59.857617Z","level":"info","event":"Done. Returned value was: 15","logger":"airflow.task.operators.airflow.providers.standard.operators.python.PythonOperator","filename":"python.py","lineno":218}
{"timestamp":"2025-10-25T18:32:59.857795Z","level":"info","event":"Pushing xcom","ti":"RuntimeTaskInstance(id=UUID('019a1ca5-2e36-7ac7-ad0c-7fd77035fe10'), task_id='fetch_earthquake_data', dag_id='kandilli_earthquake_data_pipeline_v4', run_id='scheduled__2025-10-25T18:00:00+00:00', try_number=5, dag_version_id=UUID('0199d36c-84f6-7616-8149-d1895cb7cd08'), map_index=-1, hostname='2ce752ad6d79', context_carrier={}, task=<Task(PythonOperator): fetch_earthquake_data>, bundle_instance=LocalDagBundle(name=dags-folder), max_tries=9, start_date=datetime.datetime(2025, 10, 25, 18, 32, 59, 200028, tzinfo=datetime.timezone.utc), end_date=None, state=<TaskInstanceState.RUNNING: 'running'>, is_mapped=False, rendered_map_index=None)","logger":"task","filename":"task_runner.py","lineno":1352}
