{"timestamp":"2025-10-25T18:30:25.457499Z","level":"info","event":"DAG bundles loaded: dags-folder","logger":"airflow.dag_processing.bundles.manager.DagBundlesManager","filename":"manager.py","lineno":179}
{"timestamp":"2025-10-25T18:30:25.458805Z","level":"info","event":"Filling up the DagBag from /opt/airflow/dags/get_data_with_airflow.py","logger":"airflow.models.dagbag.DagBag","filename":"dagbag.py","lineno":593}
{"timestamp":"2025-10-25T18:30:25.946059Z","level":"warning","event":"The `airflow.operators.python.PythonOperator` attribute is deprecated. Please use `'airflow.providers.standard.operators.python.PythonOperator'`.","category":"DeprecatedImportWarning","filename":"/opt/airflow/dags/get_data_with_airflow.py","lineno":4,"logger":"py.warnings"}
{"timestamp":"2025-10-25T18:30:25.946613Z","level":"warning","event":"The `airflow.operators.bash.BashOperator` attribute is deprecated. Please use `'airflow.providers.standard.operators.bash.BashOperator'`.","category":"DeprecatedImportWarning","filename":"/opt/airflow/dags/get_data_with_airflow.py","lineno":5,"logger":"py.warnings"}
{"timestamp":"2025-10-25T18:30:26.101450Z","level":"info","event":"..................TÜRKİYE VE YAKIN ÇEVRESİNDEKİ SON DEPREMLER....................","logger":"task.stdout"}
{"timestamp":"2025-10-25T18:30:26.101725Z","level":"info","event":".....BÖLGESEL DEPREM-TSUNAMİ İZLEME VE DEĞERLENDİRME MERKEZİ HIZLI ÇÖZÜMLERİ.....","logger":"task.stdout"}
{"timestamp":"2025-10-25T18:30:26.101822Z","level":"info","event":"......(YAPAY SARSINTI ANALİZİ YAPILMAMIŞTIR) Son 500 deprem listelenmiştir......","logger":"task.stdout"}
{"timestamp":"2025-10-25T18:30:26.101896Z","level":"info","event":"                                                        Büyüklük","logger":"task.stdout"}
{"timestamp":"2025-10-25T18:30:26.101970Z","level":"info","event":"Tarih      Saat      Enlem(N)  Boylam(E) Derinlik(km)  MD   ML   Mw    Yer                                             Çözüm Niteliği","logger":"task.stdout"}
{"timestamp":"2025-10-25T18:30:26.102040Z","level":"info","event":"---------- --------  --------  -------   ----------","logger":"task.stdout"}
{"timestamp":"2025-10-25T18:30:26.121413Z","level":"info","event":"        tarih      saat  ...   Mw                                   yer","logger":"task.stdout"}
{"timestamp":"2025-10-25T18:30:26.121650Z","level":"info","event":"0  2025.10.25  21:13:03  ...  -.-   KOCABEY-SINDIRGI (BALIKESIR) İlksel","logger":"task.stdout"}
{"timestamp":"2025-10-25T18:30:26.122421Z","level":"info","event":"1  2025.10.25  20:59:45  ...  -.-            FETHIYE-(BALIKESIR) İlksel","logger":"task.stdout"}
{"timestamp":"2025-10-25T18:30:26.122512Z","level":"info","event":"2  2025.10.25  20:51:47  ...  3.1          GIRIT ADASI (AKDENIZ) İlksel","logger":"task.stdout"}
{"timestamp":"2025-10-25T18:30:26.122594Z","level":"info","event":"3  2025.10.25  20:15:44  ...  -.-  BAYRAKLI-SINDIRGI (BALIKESIR) İlksel","logger":"task.stdout"}
{"timestamp":"2025-10-25T18:30:26.122670Z","level":"info","event":"4  2025.10.25  20:11:58  ...  -.-       KARAKOCA-SIMAV (KUTAHYA) İlksel","logger":"task.stdout"}
{"timestamp":"2025-10-25T18:30:26.122735Z","level":"info","event":"","logger":"task.stdout"}
{"timestamp":"2025-10-25T18:30:26.122796Z","level":"info","event":"[5 rows x 9 columns]","logger":"task.stdout"}
{"timestamp":"2025-10-25T18:30:26.121340Z","level":"info","event":"Successfully scraped 500 items.","logger":"root","filename":"get_data_with_airflow.py","lineno":59}
{"timestamp":"2025-10-25T18:30:26.122011Z","level":"info","event":"Done. Returned value was: 500","logger":"airflow.task.operators.airflow.providers.standard.operators.python.PythonOperator","filename":"python.py","lineno":218}
{"timestamp":"2025-10-25T18:30:26.122173Z","level":"info","event":"Pushing xcom","ti":"RuntimeTaskInstance(id=UUID('019a1ca2-d55a-7447-9c49-597e3387fe28'), task_id='fetch_earthquake_data', dag_id='kandilli_earthquake_data_pipeline_v4', run_id='scheduled__2025-10-25T18:00:00+00:00', try_number=4, dag_version_id=UUID('0199d36c-84f6-7616-8149-d1895cb7cd08'), map_index=-1, hostname='2ce752ad6d79', context_carrier={}, task=<Task(PythonOperator): fetch_earthquake_data>, bundle_instance=LocalDagBundle(name=dags-folder), max_tries=8, start_date=datetime.datetime(2025, 10, 25, 18, 30, 25, 409034, tzinfo=datetime.timezone.utc), end_date=None, state=<TaskInstanceState.RUNNING: 'running'>, is_mapped=False, rendered_map_index=None)","logger":"task","filename":"task_runner.py","lineno":1352}
