{"timestamp":"2025-10-25T18:13:58.107230Z","level":"info","event":"DAG bundles loaded: dags-folder","logger":"airflow.dag_processing.bundles.manager.DagBundlesManager","filename":"manager.py","lineno":179}
{"timestamp":"2025-10-25T18:13:58.107830Z","level":"info","event":"Filling up the DagBag from /opt/airflow/dags/get_data_with_airflow.py","logger":"airflow.models.dagbag.DagBag","filename":"dagbag.py","lineno":593}
{"timestamp":"2025-10-25T18:13:58.686962Z","level":"warning","event":"The `airflow.operators.python.PythonOperator` attribute is deprecated. Please use `'airflow.providers.standard.operators.python.PythonOperator'`.","category":"DeprecatedImportWarning","filename":"/opt/airflow/dags/get_data_with_airflow.py","lineno":4,"logger":"py.warnings"}
{"timestamp":"2025-10-25T18:13:58.687121Z","level":"warning","event":"The `airflow.operators.bash.BashOperator` attribute is deprecated. Please use `'airflow.providers.standard.operators.bash.BashOperator'`.","category":"DeprecatedImportWarning","filename":"/opt/airflow/dags/get_data_with_airflow.py","lineno":5,"logger":"py.warnings"}
{"timestamp":"2025-10-25T18:13:59.613997Z","level":"info","event":"..................TÜRKİYE VE YAKIN ÇEVRESİNDEKİ SON DEPREMLER....................","logger":"task.stdout"}
{"timestamp":"2025-10-25T18:13:59.614950Z","level":"info","event":".....BÖLGESEL DEPREM-TSUNAMİ İZLEME VE DEĞERLENDİRME MERKEZİ HIZLI ÇÖZÜMLERİ.....","logger":"task.stdout"}
{"timestamp":"2025-10-25T18:13:59.615844Z","level":"info","event":"......(YAPAY SARSINTI ANALİZİ YAPILMAMIŞTIR) Son 500 deprem listelenmiştir......","logger":"task.stdout"}
{"timestamp":"2025-10-25T18:13:59.616283Z","level":"info","event":"                                                        Büyüklük","logger":"task.stdout"}
{"timestamp":"2025-10-25T18:13:59.616489Z","level":"info","event":"Tarih      Saat      Enlem(N)  Boylam(E) Derinlik(km)  MD   ML   Mw    Yer                                             Çözüm Niteliği","logger":"task.stdout"}
{"timestamp":"2025-10-25T18:13:59.616689Z","level":"info","event":"---------- --------  --------  -------   ----------","logger":"task.stdout"}
{"timestamp":"2025-10-25T18:13:59.642025Z","level":"info","event":"        tarih      saat  ...   Mw                                                yer","logger":"task.stdout"}
{"timestamp":"2025-10-25T18:13:59.642315Z","level":"info","event":"0  2025.10.25  20:51:47  ...  3.1                       GIRIT ADASI (AKDENIZ) İlksel","logger":"task.stdout"}
{"timestamp":"2025-10-25T18:13:59.642438Z","level":"info","event":"1  2025.10.25  20:15:44  ...  -.-               BAYRAKLI-SINDIRGI (BALIKESIR) İlksel","logger":"task.stdout"}
{"timestamp":"2025-10-25T18:13:59.642557Z","level":"info","event":"2  2025.10.25  20:11:58  ...  -.-                    KARAKOCA-SIMAV (KUTAHYA) İlksel","logger":"task.stdout"}
{"timestamp":"2025-10-25T18:13:59.642834Z","level":"info","event":"3  2025.10.25  19:56:50  ...  -.-  GURPINAR ACIKLARI-ISTANBUL (MARMARA DENIZI) İl...","logger":"task.stdout"}
{"timestamp":"2025-10-25T18:13:59.642971Z","level":"info","event":"4  2025.10.25  19:33:45  ...  -.-                                KIBRIS-TUZLA İlksel","logger":"task.stdout"}
{"timestamp":"2025-10-25T18:13:59.643129Z","level":"info","event":"","logger":"task.stdout"}
{"timestamp":"2025-10-25T18:13:59.643280Z","level":"info","event":"[5 rows x 9 columns]","logger":"task.stdout"}
{"timestamp":"2025-10-25T18:13:59.642193Z","level":"info","event":"Successfully scraped 500 items.","logger":"root","filename":"get_data_with_airflow.py","lineno":59}
{"timestamp":"2025-10-25T18:13:59.642837Z","level":"info","event":"Done. Returned value was: 500","logger":"airflow.task.operators.airflow.providers.standard.operators.python.PythonOperator","filename":"python.py","lineno":218}
{"timestamp":"2025-10-25T18:13:59.643117Z","level":"info","event":"Pushing xcom","ti":"RuntimeTaskInstance(id=UUID('019a1c93-c1ed-7b9f-ab6b-f0629975b227'), task_id='fetch_earthquake_data', dag_id='kandilli_earthquake_data_pipeline_v4', run_id='scheduled__2025-10-25T18:00:00+00:00', try_number=1, dag_version_id=UUID('0199d36c-84f6-7616-8149-d1895cb7cd08'), map_index=-1, hostname='2ce752ad6d79', context_carrier={}, task=<Task(PythonOperator): fetch_earthquake_data>, bundle_instance=LocalDagBundle(name=dags-folder), max_tries=5, start_date=datetime.datetime(2025, 10, 25, 18, 13, 57, 36865, tzinfo=datetime.timezone.utc), end_date=None, state=<TaskInstanceState.RUNNING: 'running'>, is_mapped=False, rendered_map_index=None)","logger":"task","filename":"task_runner.py","lineno":1352}
