{"timestamp":"2025-11-21T05:00:01.014568Z","level":"info","event":"DAG bundles loaded: dags-folder","logger":"airflow.dag_processing.bundles.manager.DagBundlesManager","filename":"manager.py","lineno":179}
{"timestamp":"2025-11-21T05:00:01.019309Z","level":"info","event":"Filling up the DagBag from /opt/airflow/dags/get_data_with_airflow.py","logger":"airflow.models.dagbag.DagBag","filename":"dagbag.py","lineno":593}
{"timestamp":"2025-11-21T05:00:01.606220Z","level":"warning","event":"The `airflow.operators.python.PythonOperator` attribute is deprecated. Please use `'airflow.providers.standard.operators.python.PythonOperator'`.","category":"DeprecatedImportWarning","filename":"/opt/airflow/dags/get_data_with_airflow.py","lineno":4,"logger":"py.warnings"}
{"timestamp":"2025-11-21T05:00:01.606472Z","level":"warning","event":"The `airflow.operators.bash.BashOperator` attribute is deprecated. Please use `'airflow.providers.standard.operators.bash.BashOperator'`.","category":"DeprecatedImportWarning","filename":"/opt/airflow/dags/get_data_with_airflow.py","lineno":5,"logger":"py.warnings"}
{"timestamp":"2025-11-21T05:00:01.606577Z","level":"warning","event":"The `airflow.decorators.dag` attribute is deprecated. Please use `'airflow.sdk.dag'`.","category":"DeprecatedImportWarning","filename":"/opt/airflow/dags/get_data_with_airflow.py","lineno":12,"logger":"py.warnings"}
{"timestamp":"2025-11-21T05:00:01.606682Z","level":"warning","event":"The `airflow.decorators.task` attribute is deprecated. Please use `'airflow.sdk.task'`.","category":"DeprecatedImportWarning","filename":"/opt/airflow/dags/get_data_with_airflow.py","lineno":12,"logger":"py.warnings"}
{"timestamp":"2025-11-21T05:00:01.902127Z","level":"info","event":"..................TÜRKİYE VE YAKIN ÇEVRESİNDEKİ SON DEPREMLER....................","logger":"task.stdout"}
{"timestamp":"2025-11-21T05:00:01.902471Z","level":"info","event":".....BÖLGESEL DEPREM-TSUNAMİ İZLEME VE DEĞERLENDİRME MERKEZİ HIZLI ÇÖZÜMLERİ.....","logger":"task.stdout"}
{"timestamp":"2025-11-21T05:00:01.902620Z","level":"info","event":"......(YAPAY SARSINTI ANALİZİ YAPILMAMIŞTIR) Son 500 deprem listelenmiştir......","logger":"task.stdout"}
{"timestamp":"2025-11-21T05:00:01.902743Z","level":"info","event":"                                                        Büyüklük","logger":"task.stdout"}
{"timestamp":"2025-11-21T05:00:01.902866Z","level":"info","event":"Tarih      Saat      Enlem(N)  Boylam(E) Derinlik(km)  MD   ML   Mw    Yer                                             Çözüm Niteliği","logger":"task.stdout"}
{"timestamp":"2025-11-21T05:00:01.902949Z","level":"info","event":"---------- --------  --------  -------   ----------","logger":"task.stdout"}
{"timestamp":"2025-11-21T05:00:01.936010Z","level":"info","event":"        tarih      saat    enlem  ...   ML   Mw                                  yer","logger":"task.stdout"}
{"timestamp":"2025-11-21T05:00:01.936561Z","level":"info","event":"0  2025.11.21  07:51:59  39.0933  ...  1.4  -.-  YUREGIL-SINDIRGI (BALIKESIR) İlksel","logger":"task.stdout"}
{"timestamp":"2025-11-21T05:00:01.936644Z","level":"info","event":"1  2025.11.21  07:37:35  39.1965  ...  0.9  -.-    KARACAOREN-SIMAV (KUTAHYA) İlksel","logger":"task.stdout"}
{"timestamp":"2025-11-21T05:00:01.936702Z","level":"info","event":"2  2025.11.21  07:35:17  39.0812  ...  1.3  -.-         MALAZ-GORDES (MANISA) İlksel","logger":"task.stdout"}
{"timestamp":"2025-11-21T05:00:01.936939Z","level":"info","event":"3  2025.11.21  07:21:37  39.1040  ...  1.4  -.-  YUREGIL-SINDIRGI (BALIKESIR) İlksel","logger":"task.stdout"}
{"timestamp":"2025-11-21T05:00:01.937020Z","level":"info","event":"4  2025.11.21  07:06:46  39.1595  ...  1.9  -.-    AKTAS-SINDIRGI (BALIKESIR) İlksel","logger":"task.stdout"}
{"timestamp":"2025-11-21T05:00:01.937077Z","level":"info","event":"","logger":"task.stdout"}
{"timestamp":"2025-11-21T05:00:01.937129Z","level":"info","event":"[5 rows x 9 columns]","logger":"task.stdout"}
{"timestamp":"2025-11-21T05:00:01.935747Z","level":"info","event":"Successfully scraped 500 items.","logger":"root","filename":"get_data_with_airflow.py","lineno":176}
{"timestamp":"2025-11-21T05:00:01.936409Z","level":"info","event":"Done. Returned value was: 500","logger":"airflow.task.operators.airflow.providers.standard.decorators.python._PythonDecoratedOperator","filename":"python.py","lineno":218}
{"timestamp":"2025-11-21T05:00:01.936836Z","level":"info","event":"Pushing xcom","ti":"RuntimeTaskInstance(id=UUID('019aa4c8-96c4-7eee-b5c0-b571b5c94032'), task_id='fetch_earthquake_data', dag_id='kandilli_earthquake_data_pipeline_v5', run_id='scheduled__2025-11-21T05:00:00+00:00', try_number=1, dag_version_id=UUID('019aa150-28c6-7138-957a-60558b150315'), map_index=-1, hostname='d4648a2ceab8', context_carrier={}, task=<Task(_PythonDecoratedOperator): fetch_earthquake_data>, bundle_instance=LocalDagBundle(name=dags-folder), max_tries=0, start_date=datetime.datetime(2025, 11, 21, 5, 0, 0, 902285, tzinfo=datetime.timezone.utc), end_date=None, state=<TaskInstanceState.RUNNING: 'running'>, is_mapped=False, rendered_map_index=None)","logger":"task","filename":"task_runner.py","lineno":1352}
