{"timestamp":"2025-11-21T13:00:02.795518Z","level":"info","event":"DAG bundles loaded: dags-folder","logger":"airflow.dag_processing.bundles.manager.DagBundlesManager","filename":"manager.py","lineno":179}
{"timestamp":"2025-11-21T13:00:02.804887Z","level":"info","event":"Filling up the DagBag from /opt/airflow/dags/get_data_with_airflow.py","logger":"airflow.models.dagbag.DagBag","filename":"dagbag.py","lineno":593}
{"timestamp":"2025-11-21T13:00:05.880165Z","level":"warning","event":"The `airflow.operators.python.PythonOperator` attribute is deprecated. Please use `'airflow.providers.standard.operators.python.PythonOperator'`.","category":"DeprecatedImportWarning","filename":"/opt/airflow/dags/get_data_with_airflow.py","lineno":4,"logger":"py.warnings"}
{"timestamp":"2025-11-21T13:00:05.880649Z","level":"warning","event":"The `airflow.operators.bash.BashOperator` attribute is deprecated. Please use `'airflow.providers.standard.operators.bash.BashOperator'`.","category":"DeprecatedImportWarning","filename":"/opt/airflow/dags/get_data_with_airflow.py","lineno":5,"logger":"py.warnings"}
{"timestamp":"2025-11-21T13:00:05.880707Z","level":"warning","event":"The `airflow.decorators.dag` attribute is deprecated. Please use `'airflow.sdk.dag'`.","category":"DeprecatedImportWarning","filename":"/opt/airflow/dags/get_data_with_airflow.py","lineno":12,"logger":"py.warnings"}
{"timestamp":"2025-11-21T13:00:05.880755Z","level":"warning","event":"The `airflow.decorators.task` attribute is deprecated. Please use `'airflow.sdk.task'`.","category":"DeprecatedImportWarning","filename":"/opt/airflow/dags/get_data_with_airflow.py","lineno":12,"logger":"py.warnings"}
{"timestamp":"2025-11-21T13:00:06.675547Z","level":"info","event":"..................TÜRKİYE VE YAKIN ÇEVRESİNDEKİ SON DEPREMLER....................","logger":"task.stdout"}
{"timestamp":"2025-11-21T13:00:06.676672Z","level":"info","event":".....BÖLGESEL DEPREM-TSUNAMİ İZLEME VE DEĞERLENDİRME MERKEZİ HIZLI ÇÖZÜMLERİ.....","logger":"task.stdout"}
{"timestamp":"2025-11-21T13:00:06.676766Z","level":"info","event":"......(YAPAY SARSINTI ANALİZİ YAPILMAMIŞTIR) Son 500 deprem listelenmiştir......","logger":"task.stdout"}
{"timestamp":"2025-11-21T13:00:06.677765Z","level":"info","event":"                                                        Büyüklük","logger":"task.stdout"}
{"timestamp":"2025-11-21T13:00:06.677881Z","level":"info","event":"Tarih      Saat      Enlem(N)  Boylam(E) Derinlik(km)  MD   ML   Mw    Yer                                             Çözüm Niteliği","logger":"task.stdout"}
{"timestamp":"2025-11-21T13:00:06.677960Z","level":"info","event":"---------- --------  --------  -------   ----------","logger":"task.stdout"}
{"timestamp":"2025-11-21T13:00:06.726071Z","level":"info","event":"        tarih      saat    enlem  ...   ML   Mw                                yer","logger":"task.stdout"}
{"timestamp":"2025-11-21T13:00:06.726535Z","level":"info","event":"0  2025.11.21  15:50:12  40.4670  ...  0.8  -.-   SAHINYURDU-GEMLIK (BURSA) İlksel","logger":"task.stdout"}
{"timestamp":"2025-11-21T13:00:06.727147Z","level":"info","event":"1  2025.11.21  15:50:02  39.2730  ...  1.5  -.-   YESILDERE-SIMAV (KUTAHYA) İlksel","logger":"task.stdout"}
{"timestamp":"2025-11-21T13:00:06.730229Z","level":"info","event":"2  2025.11.21  15:20:04  39.0808  ...  1.7  -.-  KINIK-SINDIRGI (BALIKESIR) İlksel","logger":"task.stdout"}
{"timestamp":"2025-11-21T13:00:06.730666Z","level":"info","event":"3  2025.11.21  15:09:46  34.7142  ...  2.7  -.-                     AKDENIZ İlksel","logger":"task.stdout"}
{"timestamp":"2025-11-21T13:00:06.730893Z","level":"info","event":"4  2025.11.21  15:00:45  39.2650  ...  0.9  -.-    KARAKOCA-SIMAV (KUTAHYA) İlksel","logger":"task.stdout"}
{"timestamp":"2025-11-21T13:00:06.731086Z","level":"info","event":"","logger":"task.stdout"}
{"timestamp":"2025-11-21T13:00:06.731184Z","level":"info","event":"[5 rows x 9 columns]","logger":"task.stdout"}
{"timestamp":"2025-11-21T13:00:06.726748Z","level":"info","event":"Successfully scraped 500 items.","logger":"root","filename":"get_data_with_airflow.py","lineno":176}
{"timestamp":"2025-11-21T13:00:06.729512Z","level":"info","event":"Done. Returned value was: 500","logger":"airflow.task.operators.airflow.providers.standard.decorators.python._PythonDecoratedOperator","filename":"python.py","lineno":218}
{"timestamp":"2025-11-21T13:00:06.730514Z","level":"info","event":"Pushing xcom","ti":"RuntimeTaskInstance(id=UUID('019aa680-08d4-779f-82a8-f798d8330cfd'), task_id='fetch_earthquake_data', dag_id='kandilli_earthquake_data_pipeline_v5', run_id='scheduled__2025-11-21T13:00:00+00:00', try_number=1, dag_version_id=UUID('019aa150-28c6-7138-957a-60558b150315'), map_index=-1, hostname='d4648a2ceab8', context_carrier={}, task=<Task(_PythonDecoratedOperator): fetch_earthquake_data>, bundle_instance=LocalDagBundle(name=dags-folder), max_tries=0, start_date=datetime.datetime(2025, 11, 21, 13, 0, 0, 584154, tzinfo=datetime.timezone.utc), end_date=None, state=<TaskInstanceState.RUNNING: 'running'>, is_mapped=False, rendered_map_index=None)","logger":"task","filename":"task_runner.py","lineno":1352}
