{"timestamp":"2025-10-09T14:54:39.570707Z","level":"info","event":"DAG bundles loaded: dags-folder","logger":"airflow.dag_processing.bundles.manager.DagBundlesManager","filename":"manager.py","lineno":179}
{"timestamp":"2025-10-09T14:54:39.582439Z","level":"info","event":"Filling up the DagBag from /opt/airflow/dags/get_data_with_airflow.py","logger":"airflow.models.dagbag.DagBag","filename":"dagbag.py","lineno":593}
{"timestamp":"2025-10-09T14:54:41.685015Z","level":"warning","event":"The `airflow.operators.python.PythonOperator` attribute is deprecated. Please use `'airflow.providers.standard.operators.python.PythonOperator'`.","category":"DeprecatedImportWarning","filename":"/opt/airflow/dags/get_data_with_airflow.py","lineno":4,"logger":"py.warnings"}
{"timestamp":"2025-10-09T14:54:41.685135Z","level":"warning","event":"The `airflow.operators.bash.BashOperator` attribute is deprecated. Please use `'airflow.providers.standard.operators.bash.BashOperator'`.","category":"DeprecatedImportWarning","filename":"/opt/airflow/dags/get_data_with_airflow.py","lineno":5,"logger":"py.warnings"}
{"timestamp":"2025-10-09T14:54:41.908893Z","level":"info","event":"..................TÜRKİYE VE YAKIN ÇEVRESİNDEKİ SON DEPREMLER....................","logger":"task.stdout"}
{"timestamp":"2025-10-09T14:54:41.912902Z","level":"info","event":".....BÖLGESEL DEPREM-TSUNAMİ İZLEME VE DEĞERLENDİRME MERKEZİ HIZLI ÇÖZÜMLERİ.....","logger":"task.stdout"}
{"timestamp":"2025-10-09T14:54:41.913112Z","level":"info","event":"......(YAPAY SARSINTI ANALİZİ YAPILMAMIŞTIR) Son 500 deprem listelenmiştir......","logger":"task.stdout"}
{"timestamp":"2025-10-09T14:54:41.913284Z","level":"info","event":"                                                        Büyüklük","logger":"task.stdout"}
{"timestamp":"2025-10-09T14:54:41.913427Z","level":"info","event":"Tarih      Saat      Enlem(N)  Boylam(E) Derinlik(km)  MD   ML   Mw    Yer                                             Çözüm Niteliği","logger":"task.stdout"}
{"timestamp":"2025-10-09T14:54:41.913646Z","level":"info","event":"---------- --------  --------  -------   ----------","logger":"task.stdout"}
{"timestamp":"2025-10-09T14:54:41.957187Z","level":"info","event":"        tarih      saat  ...   Mw                                           yer","logger":"task.stdout"}
{"timestamp":"2025-10-09T14:54:41.957380Z","level":"info","event":"0  2025.10.09  17:26:14  ...  -.-          GEBEN-ANDIRIN (KAHRAMANMARAS) İlksel","logger":"task.stdout"}
{"timestamp":"2025-10-09T14:54:41.957455Z","level":"info","event":"1  2025.10.09  17:22:54  ...  -.-  KUCUKYAPALAK-ELBISTAN (KAHRAMANMARAS) İlksel","logger":"task.stdout"}
{"timestamp":"2025-10-09T14:54:41.957524Z","level":"info","event":"2  2025.10.09  17:16:53  ...  -.-                         MARMARA DENIZI İlksel","logger":"task.stdout"}
{"timestamp":"2025-10-09T14:54:41.957597Z","level":"info","event":"3  2025.10.09  17:13:32  ...  -.-             KOZLU-SINDIRGI (BALIKESIR) İlksel","logger":"task.stdout"}
{"timestamp":"2025-10-09T14:54:41.957648Z","level":"info","event":"4  2025.10.09  17:06:45  ...  -.-             KOZLU-SINDIRGI (BALIKESIR) İlksel","logger":"task.stdout"}
{"timestamp":"2025-10-09T14:54:41.957695Z","level":"info","event":"","logger":"task.stdout"}
{"timestamp":"2025-10-09T14:54:41.957805Z","level":"info","event":"[5 rows x 9 columns]","logger":"task.stdout"}
{"timestamp":"2025-10-09T14:54:41.958339Z","level":"info","event":"Successfully scraped 500 items.","logger":"root","filename":"get_data_with_airflow.py","lineno":59}
{"timestamp":"2025-10-09T14:54:41.959646Z","level":"info","event":"Done. Returned value was: 500","logger":"airflow.task.operators.airflow.providers.standard.operators.python.PythonOperator","filename":"python.py","lineno":218}
{"timestamp":"2025-10-09T14:54:41.960115Z","level":"info","event":"Pushing xcom","ti":"RuntimeTaskInstance(id=UUID('0199c977-8447-7cea-9e1e-7a7627e2b34c'), task_id='fetch_earthquake_data', dag_id='kandilli_earthquake_data_pipeline_v4', run_id='scheduled__2025-10-09T14:00:00+00:00', try_number=1, dag_version_id=UUID('0199c655-a686-7cc3-ad60-450f04cdc43a'), map_index=-1, hostname='9cda2ffc2213', context_carrier={}, task=<Task(PythonOperator): fetch_earthquake_data>, bundle_instance=LocalDagBundle(name=dags-folder), max_tries=5, start_date=datetime.datetime(2025, 10, 9, 14, 54, 39, 136377, tzinfo=datetime.timezone.utc), end_date=None, state=<TaskInstanceState.RUNNING: 'running'>, is_mapped=False, rendered_map_index=None)","logger":"task","filename":"task_runner.py","lineno":1352}
