{"timestamp":"2025-11-09T19:00:01.595880Z","level":"info","event":"DAG bundles loaded: dags-folder","logger":"airflow.dag_processing.bundles.manager.DagBundlesManager","filename":"manager.py","lineno":179}
{"timestamp":"2025-11-09T19:00:01.598668Z","level":"info","event":"Filling up the DagBag from /opt/airflow/dags/get_data_with_airflow.py","logger":"airflow.models.dagbag.DagBag","filename":"dagbag.py","lineno":593}
{"timestamp":"2025-11-09T19:00:03.166649Z","level":"warning","event":"The `airflow.operators.python.PythonOperator` attribute is deprecated. Please use `'airflow.providers.standard.operators.python.PythonOperator'`.","category":"DeprecatedImportWarning","filename":"/opt/airflow/dags/get_data_with_airflow.py","lineno":4,"logger":"py.warnings"}
{"timestamp":"2025-11-09T19:00:03.166801Z","level":"warning","event":"The `airflow.operators.bash.BashOperator` attribute is deprecated. Please use `'airflow.providers.standard.operators.bash.BashOperator'`.","category":"DeprecatedImportWarning","filename":"/opt/airflow/dags/get_data_with_airflow.py","lineno":5,"logger":"py.warnings"}
{"timestamp":"2025-11-09T19:00:03.513025Z","level":"info","event":"..................TÜRKİYE VE YAKIN ÇEVRESİNDEKİ SON DEPREMLER....................","logger":"task.stdout"}
{"timestamp":"2025-11-09T19:00:03.516396Z","level":"info","event":".....BÖLGESEL DEPREM-TSUNAMİ İZLEME VE DEĞERLENDİRME MERKEZİ HIZLI ÇÖZÜMLERİ.....","logger":"task.stdout"}
{"timestamp":"2025-11-09T19:00:03.516589Z","level":"info","event":"......(YAPAY SARSINTI ANALİZİ YAPILMAMIŞTIR) Son 500 deprem listelenmiştir......","logger":"task.stdout"}
{"timestamp":"2025-11-09T19:00:03.517221Z","level":"info","event":"                                                        Büyüklük","logger":"task.stdout"}
{"timestamp":"2025-11-09T19:00:03.517357Z","level":"info","event":"Tarih      Saat      Enlem(N)  Boylam(E) Derinlik(km)  MD   ML   Mw    Yer                                             Çözüm Niteliği","logger":"task.stdout"}
{"timestamp":"2025-11-09T19:00:03.517632Z","level":"info","event":"---------- --------  --------  -------   ----------","logger":"task.stdout"}
{"timestamp":"2025-11-09T19:00:03.548982Z","level":"info","event":"        tarih      saat  ...   Mw                                         yer","logger":"task.stdout"}
{"timestamp":"2025-11-09T19:00:03.549896Z","level":"info","event":"0  2025.11.09  20:44:31  ...  -.-       ASLANDEDE-SINDIRGI (BALIKESIR) İlksel","logger":"task.stdout"}
{"timestamp":"2025-11-09T19:00:03.550088Z","level":"info","event":"1  2025.11.09  20:40:08  ...  -.-        YAYLACIK-SINDIRGI (BALIKESIR) İlksel","logger":"task.stdout"}
{"timestamp":"2025-11-09T19:00:03.550254Z","level":"info","event":"2  2025.11.09  20:33:31  ...  -.-        BAYRAKLI-SINDIRGI (BALIKESIR) İlksel","logger":"task.stdout"}
{"timestamp":"2025-11-09T19:00:03.550442Z","level":"info","event":"3  2025.11.09  20:31:58  ...  -.-    YALINTAS-ELBISTAN (KAHRAMANMARAS) İlksel","logger":"task.stdout"}
{"timestamp":"2025-11-09T19:00:03.550620Z","level":"info","event":"4  2025.11.09  20:28:25  ...  -.-  YOGUNSOGUT-ELBISTAN (KAHRAMANMARAS) İlksel","logger":"task.stdout"}
{"timestamp":"2025-11-09T19:00:03.551218Z","level":"info","event":"","logger":"task.stdout"}
{"timestamp":"2025-11-09T19:00:03.551336Z","level":"info","event":"[5 rows x 9 columns]","logger":"task.stdout"}
{"timestamp":"2025-11-09T19:00:03.549421Z","level":"info","event":"Successfully scraped 500 items.","logger":"root","filename":"get_data_with_airflow.py","lineno":69}
{"timestamp":"2025-11-09T19:00:03.550570Z","level":"info","event":"Done. Returned value was: 500","logger":"airflow.task.operators.airflow.providers.standard.operators.python.PythonOperator","filename":"python.py","lineno":218}
{"timestamp":"2025-11-09T19:00:03.550838Z","level":"info","event":"Pushing xcom","ti":"RuntimeTaskInstance(id=UUID('019a69fd-520a-7a35-8008-6cbf63cf6351'), task_id='fetch_earthquake_data', dag_id='kandilli_earthquake_data_pipeline_v4', run_id='scheduled__2025-11-09T19:00:00+00:00', try_number=1, dag_version_id=UUID('0199d36c-84f6-7616-8149-d1895cb7cd08'), map_index=-1, hostname='134b923e6133', context_carrier={}, task=<Task(PythonOperator): fetch_earthquake_data>, bundle_instance=LocalDagBundle(name=dags-folder), max_tries=5, start_date=datetime.datetime(2025, 11, 9, 19, 0, 1, 163509, tzinfo=datetime.timezone.utc), end_date=None, state=<TaskInstanceState.RUNNING: 'running'>, is_mapped=False, rendered_map_index=None)","logger":"task","filename":"task_runner.py","lineno":1352}
