{"timestamp":"2025-11-16T10:36:36.566409Z","level":"info","event":"DAG bundles loaded: dags-folder","logger":"airflow.dag_processing.bundles.manager.DagBundlesManager","filename":"manager.py","lineno":179}
{"timestamp":"2025-11-16T10:36:36.570045Z","level":"info","event":"Filling up the DagBag from /opt/airflow/dags/get_data_with_airflow.py","logger":"airflow.models.dagbag.DagBag","filename":"dagbag.py","lineno":593}
{"timestamp":"2025-11-16T10:36:38.282099Z","level":"warning","event":"The `airflow.operators.python.PythonOperator` attribute is deprecated. Please use `'airflow.providers.standard.operators.python.PythonOperator'`.","category":"DeprecatedImportWarning","filename":"/opt/airflow/dags/get_data_with_airflow.py","lineno":4,"logger":"py.warnings"}
{"timestamp":"2025-11-16T10:36:38.283486Z","level":"warning","event":"The `airflow.operators.bash.BashOperator` attribute is deprecated. Please use `'airflow.providers.standard.operators.bash.BashOperator'`.","category":"DeprecatedImportWarning","filename":"/opt/airflow/dags/get_data_with_airflow.py","lineno":5,"logger":"py.warnings"}
{"timestamp":"2025-11-16T10:36:48.687076Z","level":"info","event":"..................TÜRKİYE VE YAKIN ÇEVRESİNDEKİ SON DEPREMLER....................","logger":"task.stdout"}
{"timestamp":"2025-11-16T10:36:48.711684Z","level":"info","event":".....BÖLGESEL DEPREM-TSUNAMİ İZLEME VE DEĞERLENDİRME MERKEZİ HIZLI ÇÖZÜMLERİ.....","logger":"task.stdout"}
{"timestamp":"2025-11-16T10:36:48.724468Z","level":"info","event":"......(YAPAY SARSINTI ANALİZİ YAPILMAMIŞTIR) Son 500 deprem listelenmiştir......","logger":"task.stdout"}
{"timestamp":"2025-11-16T10:36:48.735316Z","level":"info","event":"                                                        Büyüklük","logger":"task.stdout"}
{"timestamp":"2025-11-16T10:36:48.746794Z","level":"info","event":"Tarih      Saat      Enlem(N)  Boylam(E) Derinlik(km)  MD   ML   Mw    Yer                                             Çözüm Niteliği","logger":"task.stdout"}
{"timestamp":"2025-11-16T10:36:48.754459Z","level":"info","event":"---------- --------  --------  -------   ----------","logger":"task.stdout"}
{"timestamp":"2025-11-16T10:36:49.337170Z","level":"info","event":"        tarih      saat  ...   Mw                                    yer","logger":"task.stdout"}
{"timestamp":"2025-11-16T10:36:49.338142Z","level":"info","event":"0  2025.11.16  12:42:25  ...  -.-  SINANDEDE-SINDIRGI (BALIKESIR) İlksel","logger":"task.stdout"}
{"timestamp":"2025-11-16T10:36:49.338609Z","level":"info","event":"1  2025.11.16  12:37:34  ...  -.-    BAYIRLI-SINDIRGI (BALIKESIR) İlksel","logger":"task.stdout"}
{"timestamp":"2025-11-16T10:36:49.339106Z","level":"info","event":"2  2025.11.16  12:20:49  ...  -.-        KUMKUYU-ERDEMLI (MERSIN) İlksel","logger":"task.stdout"}
{"timestamp":"2025-11-16T10:36:49.339299Z","level":"info","event":"3  2025.11.16  12:18:23  ...  -.-  AVDAN-EMIRDAG (AFYONKARAHISAR) İlksel","logger":"task.stdout"}
{"timestamp":"2025-11-16T10:36:49.340433Z","level":"info","event":"4  2025.11.16  12:03:03  ...  -.-                  MARMARA DENIZI İlksel","logger":"task.stdout"}
{"timestamp":"2025-11-16T10:36:49.341792Z","level":"info","event":"","logger":"task.stdout"}
{"timestamp":"2025-11-16T10:36:49.342475Z","level":"info","event":"[5 rows x 9 columns]","logger":"task.stdout"}
{"timestamp":"2025-11-16T10:36:49.337736Z","level":"info","event":"Successfully scraped 500 items.","logger":"root","filename":"get_data_with_airflow.py","lineno":66}
{"timestamp":"2025-11-16T10:36:49.339699Z","level":"info","event":"Done. Returned value was: 500","logger":"airflow.task.operators.airflow.providers.standard.operators.python.PythonOperator","filename":"python.py","lineno":218}
{"timestamp":"2025-11-16T10:36:49.340648Z","level":"info","event":"Pushing xcom","ti":"RuntimeTaskInstance(id=UUID('019a8bf6-cead-7a12-802d-abcf3f5452bc'), task_id='fetch_earthquake_data', dag_id='kandilli_earthquake_data_pipeline_v4', run_id='scheduled__2025-11-16T09:00:00+00:00', try_number=2, dag_version_id=UUID('0199d36c-84f6-7616-8149-d1895cb7cd08'), map_index=-1, hostname='9bf6349055c0', context_carrier={}, task=<Task(PythonOperator): fetch_earthquake_data>, bundle_instance=LocalDagBundle(name=dags-folder), max_tries=5, start_date=datetime.datetime(2025, 11, 16, 10, 36, 35, 98632, tzinfo=datetime.timezone.utc), end_date=None, state=<TaskInstanceState.RUNNING: 'running'>, is_mapped=False, rendered_map_index=None)","logger":"task","filename":"task_runner.py","lineno":1352}
