{"timestamp":"2025-10-09T18:00:00.838368Z","level":"info","event":"DAG bundles loaded: dags-folder","logger":"airflow.dag_processing.bundles.manager.DagBundlesManager","filename":"manager.py","lineno":179}
{"timestamp":"2025-10-09T18:00:00.842509Z","level":"info","event":"Filling up the DagBag from /opt/airflow/dags/get_data_with_airflow.py","logger":"airflow.models.dagbag.DagBag","filename":"dagbag.py","lineno":593}
{"timestamp":"2025-10-09T18:00:02.749305Z","level":"warning","event":"The `airflow.operators.python.PythonOperator` attribute is deprecated. Please use `'airflow.providers.standard.operators.python.PythonOperator'`.","category":"DeprecatedImportWarning","filename":"/opt/airflow/dags/get_data_with_airflow.py","lineno":4,"logger":"py.warnings"}
{"timestamp":"2025-10-09T18:00:02.749477Z","level":"warning","event":"The `airflow.operators.bash.BashOperator` attribute is deprecated. Please use `'airflow.providers.standard.operators.bash.BashOperator'`.","category":"DeprecatedImportWarning","filename":"/opt/airflow/dags/get_data_with_airflow.py","lineno":5,"logger":"py.warnings"}
{"timestamp":"2025-10-09T18:00:03.028525Z","level":"info","event":"..................TÜRKİYE VE YAKIN ÇEVRESİNDEKİ SON DEPREMLER....................","logger":"task.stdout"}
{"timestamp":"2025-10-09T18:00:03.030121Z","level":"info","event":".....BÖLGESEL DEPREM-TSUNAMİ İZLEME VE DEĞERLENDİRME MERKEZİ HIZLI ÇÖZÜMLERİ.....","logger":"task.stdout"}
{"timestamp":"2025-10-09T18:00:03.030260Z","level":"info","event":"......(YAPAY SARSINTI ANALİZİ YAPILMAMIŞTIR) Son 500 deprem listelenmiştir......","logger":"task.stdout"}
{"timestamp":"2025-10-09T18:00:03.030367Z","level":"info","event":"                                                        Büyüklük","logger":"task.stdout"}
{"timestamp":"2025-10-09T18:00:03.030746Z","level":"info","event":"Tarih      Saat      Enlem(N)  Boylam(E) Derinlik(km)  MD   ML   Mw    Yer                                             Çözüm Niteliği","logger":"task.stdout"}
{"timestamp":"2025-10-09T18:00:03.030825Z","level":"info","event":"---------- --------  --------  -------   ----------","logger":"task.stdout"}
{"timestamp":"2025-10-09T18:00:03.058159Z","level":"info","event":"        tarih      saat    enlem  ...   ML   Mw                                yer","logger":"task.stdout"}
{"timestamp":"2025-10-09T18:00:03.060373Z","level":"info","event":"0  2025.10.09  20:38:10  39.2518  ...  2.5  -.-   KATRANDAGI-EMET (KUTAHYA) İlksel","logger":"task.stdout"}
{"timestamp":"2025-10-09T18:00:03.061483Z","level":"info","event":"1  2025.10.09  20:14:35  39.2365  ...  1.4  -.-   KATRANDAGI-EMET (KUTAHYA) İlksel","logger":"task.stdout"}
{"timestamp":"2025-10-09T18:00:03.062641Z","level":"info","event":"2  2025.10.09  20:12:52  39.1897  ...  1.8  -.-  ILICA-SINDIRGI (BALIKESIR) İlksel","logger":"task.stdout"}
{"timestamp":"2025-10-09T18:00:03.063964Z","level":"info","event":"3  2025.10.09  20:04:39  39.2445  ...  2.0  -.-   KATRANDAGI-EMET (KUTAHYA) İlksel","logger":"task.stdout"}
{"timestamp":"2025-10-09T18:00:03.065436Z","level":"info","event":"4  2025.10.09  19:36:51  39.2437  ...  2.0  -.-     YEMISLI-SIMAV (KUTAHYA) İlksel","logger":"task.stdout"}
{"timestamp":"2025-10-09T18:00:03.066053Z","level":"info","event":"","logger":"task.stdout"}
{"timestamp":"2025-10-09T18:00:03.066283Z","level":"info","event":"[5 rows x 9 columns]","logger":"task.stdout"}
{"timestamp":"2025-10-09T18:00:03.058163Z","level":"info","event":"Successfully scraped 500 items.","logger":"root","filename":"get_data_with_airflow.py","lineno":59}
{"timestamp":"2025-10-09T18:00:03.059268Z","level":"info","event":"Done. Returned value was: 500","logger":"airflow.task.operators.airflow.providers.standard.operators.python.PythonOperator","filename":"python.py","lineno":218}
{"timestamp":"2025-10-09T18:00:03.059661Z","level":"info","event":"Pushing xcom","ti":"RuntimeTaskInstance(id=UUID('0199ca21-3d6d-7f41-9464-66dff7242922'), task_id='fetch_earthquake_data', dag_id='kandilli_earthquake_data_pipeline_v4', run_id='scheduled__2025-10-09T18:00:00+00:00', try_number=1, dag_version_id=UUID('0199c655-a686-7cc3-ad60-450f04cdc43a'), map_index=-1, hostname='9cda2ffc2213', context_carrier={}, task=<Task(PythonOperator): fetch_earthquake_data>, bundle_instance=LocalDagBundle(name=dags-folder), max_tries=5, start_date=datetime.datetime(2025, 10, 9, 18, 0, 0, 600919, tzinfo=datetime.timezone.utc), end_date=None, state=<TaskInstanceState.RUNNING: 'running'>, is_mapped=False, rendered_map_index=None)","logger":"task","filename":"task_runner.py","lineno":1352}
