{"timestamp":"2025-11-15T21:46:55.530204Z","level":"info","event":"DAG bundles loaded: dags-folder","logger":"airflow.dag_processing.bundles.manager.DagBundlesManager","filename":"manager.py","lineno":179}
{"timestamp":"2025-11-15T21:46:55.530685Z","level":"info","event":"Filling up the DagBag from /opt/airflow/dags/get_data_with_airflow.py","logger":"airflow.models.dagbag.DagBag","filename":"dagbag.py","lineno":593}
{"timestamp":"2025-11-15T21:46:56.000984Z","level":"warning","event":"The `airflow.operators.python.PythonOperator` attribute is deprecated. Please use `'airflow.providers.standard.operators.python.PythonOperator'`.","category":"DeprecatedImportWarning","filename":"/opt/airflow/dags/get_data_with_airflow.py","lineno":4,"logger":"py.warnings"}
{"timestamp":"2025-11-15T21:46:56.001069Z","level":"warning","event":"The `airflow.operators.bash.BashOperator` attribute is deprecated. Please use `'airflow.providers.standard.operators.bash.BashOperator'`.","category":"DeprecatedImportWarning","filename":"/opt/airflow/dags/get_data_with_airflow.py","lineno":5,"logger":"py.warnings"}
{"timestamp":"2025-11-15T21:46:56.299222Z","level":"info","event":"..................TÜRKİYE VE YAKIN ÇEVRESİNDEKİ SON DEPREMLER....................","logger":"task.stdout"}
{"timestamp":"2025-11-15T21:46:56.304961Z","level":"info","event":".....BÖLGESEL DEPREM-TSUNAMİ İZLEME VE DEĞERLENDİRME MERKEZİ HIZLI ÇÖZÜMLERİ.....","logger":"task.stdout"}
{"timestamp":"2025-11-15T21:46:56.305130Z","level":"info","event":"......(YAPAY SARSINTI ANALİZİ YAPILMAMIŞTIR) Son 500 deprem listelenmiştir......","logger":"task.stdout"}
{"timestamp":"2025-11-15T21:46:56.305237Z","level":"info","event":"                                                        Büyüklük","logger":"task.stdout"}
{"timestamp":"2025-11-15T21:46:56.305348Z","level":"info","event":"Tarih      Saat      Enlem(N)  Boylam(E) Derinlik(km)  MD   ML   Mw    Yer                                             Çözüm Niteliği","logger":"task.stdout"}
{"timestamp":"2025-11-15T21:46:56.305440Z","level":"info","event":"---------- --------  --------  -------   ----------","logger":"task.stdout"}
{"timestamp":"2025-11-15T21:46:56.322070Z","level":"info","event":"        tarih      saat  ...   Mw                                              yer","logger":"task.stdout"}
{"timestamp":"2025-11-15T21:46:56.322955Z","level":"info","event":"0  2025.11.16  00:38:04  ...  -.-  GULPINAR ACIKLARI-CANAKKALE (EGE DENIZI) İlksel","logger":"task.stdout"}
{"timestamp":"2025-11-15T21:46:56.323049Z","level":"info","event":"1  2025.11.16  00:36:04  ...  -.-             YAYLACIK-SINDIRGI (BALIKESIR) İlksel","logger":"task.stdout"}
{"timestamp":"2025-11-15T21:46:56.323115Z","level":"info","event":"2  2025.11.16  00:33:40  ...  -.-  GULPINAR ACIKLARI-CANAKKALE (EGE DENIZI) İlksel","logger":"task.stdout"}
{"timestamp":"2025-11-15T21:46:56.323179Z","level":"info","event":"3  2025.11.16  00:33:01  ...  -.-  GULPINAR ACIKLARI-CANAKKALE (EGE DENIZI) İlksel","logger":"task.stdout"}
{"timestamp":"2025-11-15T21:46:56.323252Z","level":"info","event":"4  2025.11.16  00:30:32  ...  -.-  GULPINAR ACIKLARI-CANAKKALE (EGE DENIZI) İlksel","logger":"task.stdout"}
{"timestamp":"2025-11-15T21:46:56.323320Z","level":"info","event":"","logger":"task.stdout"}
{"timestamp":"2025-11-15T21:46:56.323424Z","level":"info","event":"[5 rows x 9 columns]","logger":"task.stdout"}
{"timestamp":"2025-11-15T21:46:56.322364Z","level":"info","event":"Successfully scraped 500 items.","logger":"root","filename":"get_data_with_airflow.py","lineno":66}
{"timestamp":"2025-11-15T21:46:56.323734Z","level":"info","event":"Done. Returned value was: 500","logger":"airflow.task.operators.airflow.providers.standard.operators.python.PythonOperator","filename":"python.py","lineno":218}
{"timestamp":"2025-11-15T21:46:56.324287Z","level":"info","event":"Pushing xcom","ti":"RuntimeTaskInstance(id=UUID('019a897c-4a1a-76b6-840a-03bcde65fc47'), task_id='fetch_earthquake_data', dag_id='kandilli_earthquake_data_pipeline_v4', run_id='scheduled__2025-11-15T21:00:00+00:00', try_number=1, dag_version_id=UUID('0199d36c-84f6-7616-8149-d1895cb7cd08'), map_index=-1, hostname='9bf6349055c0', context_carrier={}, task=<Task(PythonOperator): fetch_earthquake_data>, bundle_instance=LocalDagBundle(name=dags-folder), max_tries=5, start_date=datetime.datetime(2025, 11, 15, 21, 46, 55, 484466, tzinfo=datetime.timezone.utc), end_date=None, state=<TaskInstanceState.RUNNING: 'running'>, is_mapped=False, rendered_map_index=None)","logger":"task","filename":"task_runner.py","lineno":1352}
