{"timestamp":"2025-11-15T15:48:36.457420Z","level":"info","event":"DAG bundles loaded: dags-folder","logger":"airflow.dag_processing.bundles.manager.DagBundlesManager","filename":"manager.py","lineno":179}
{"timestamp":"2025-11-15T15:48:36.459172Z","level":"info","event":"Filling up the DagBag from /opt/airflow/dags/get_data_with_airflow.py","logger":"airflow.models.dagbag.DagBag","filename":"dagbag.py","lineno":593}
{"timestamp":"2025-11-15T15:48:37.020907Z","level":"warning","event":"The `airflow.operators.python.PythonOperator` attribute is deprecated. Please use `'airflow.providers.standard.operators.python.PythonOperator'`.","category":"DeprecatedImportWarning","filename":"/opt/airflow/dags/get_data_with_airflow.py","lineno":4,"logger":"py.warnings"}
{"timestamp":"2025-11-15T15:48:37.021035Z","level":"warning","event":"The `airflow.operators.bash.BashOperator` attribute is deprecated. Please use `'airflow.providers.standard.operators.bash.BashOperator'`.","category":"DeprecatedImportWarning","filename":"/opt/airflow/dags/get_data_with_airflow.py","lineno":5,"logger":"py.warnings"}
{"timestamp":"2025-11-15T15:48:37.200887Z","level":"info","event":"..................TÜRKİYE VE YAKIN ÇEVRESİNDEKİ SON DEPREMLER....................","logger":"task.stdout"}
{"timestamp":"2025-11-15T15:48:37.201189Z","level":"info","event":".....BÖLGESEL DEPREM-TSUNAMİ İZLEME VE DEĞERLENDİRME MERKEZİ HIZLI ÇÖZÜMLERİ.....","logger":"task.stdout"}
{"timestamp":"2025-11-15T15:48:37.201352Z","level":"info","event":"......(YAPAY SARSINTI ANALİZİ YAPILMAMIŞTIR) Son 500 deprem listelenmiştir......","logger":"task.stdout"}
{"timestamp":"2025-11-15T15:48:37.201487Z","level":"info","event":"                                                        Büyüklük","logger":"task.stdout"}
{"timestamp":"2025-11-15T15:48:37.201604Z","level":"info","event":"Tarih      Saat      Enlem(N)  Boylam(E) Derinlik(km)  MD   ML   Mw    Yer                                             Çözüm Niteliği","logger":"task.stdout"}
{"timestamp":"2025-11-15T15:48:37.201709Z","level":"info","event":"---------- --------  --------  -------   ----------","logger":"task.stdout"}
{"timestamp":"2025-11-15T15:48:37.215608Z","level":"info","event":"        tarih      saat  ...   Mw                                   yer","logger":"task.stdout"}
{"timestamp":"2025-11-15T15:48:37.217056Z","level":"info","event":"0  2025.11.15  18:32:36  ...  -.-  YAYLACIK-SINDIRGI (BALIKESIR) İlksel","logger":"task.stdout"}
{"timestamp":"2025-11-15T15:48:37.217156Z","level":"info","event":"1  2025.11.15  18:12:19  ...  -.-        ARSLANCA-GOLOVA (SIVAS) İlksel","logger":"task.stdout"}
{"timestamp":"2025-11-15T15:48:37.217270Z","level":"info","event":"2  2025.11.15  18:08:24  ...  -.-   MANDIRA-SINDIRGI (BALIKESIR) İlksel","logger":"task.stdout"}
{"timestamp":"2025-11-15T15:48:37.217351Z","level":"info","event":"3  2025.11.15  17:52:22  ...  -.-   YUREGIL-SINDIRGI (BALIKESIR) İlksel","logger":"task.stdout"}
{"timestamp":"2025-11-15T15:48:37.217440Z","level":"info","event":"4  2025.11.15  17:33:50  ...  -.-                     EGE DENIZI İlksel","logger":"task.stdout"}
{"timestamp":"2025-11-15T15:48:37.217522Z","level":"info","event":"","logger":"task.stdout"}
{"timestamp":"2025-11-15T15:48:37.217614Z","level":"info","event":"[5 rows x 9 columns]","logger":"task.stdout"}
{"timestamp":"2025-11-15T15:48:37.215848Z","level":"info","event":"Successfully scraped 500 items.","logger":"root","filename":"get_data_with_airflow.py","lineno":66}
{"timestamp":"2025-11-15T15:48:37.216520Z","level":"info","event":"Done. Returned value was: 500","logger":"airflow.task.operators.airflow.providers.standard.operators.python.PythonOperator","filename":"python.py","lineno":218}
{"timestamp":"2025-11-15T15:48:37.216691Z","level":"info","event":"Pushing xcom","ti":"RuntimeTaskInstance(id=UUID('019a8834-3c8e-79ba-a4a7-646d292415f9'), task_id='fetch_earthquake_data', dag_id='kandilli_earthquake_data_pipeline_v4', run_id='scheduled__2025-11-15T15:00:00+00:00', try_number=1, dag_version_id=UUID('0199d36c-84f6-7616-8149-d1895cb7cd08'), map_index=-1, hostname='9bf6349055c0', context_carrier={}, task=<Task(PythonOperator): fetch_earthquake_data>, bundle_instance=LocalDagBundle(name=dags-folder), max_tries=5, start_date=datetime.datetime(2025, 11, 15, 15, 48, 36, 307129, tzinfo=datetime.timezone.utc), end_date=None, state=<TaskInstanceState.RUNNING: 'running'>, is_mapped=False, rendered_map_index=None)","logger":"task","filename":"task_runner.py","lineno":1352}
