{"timestamp":"2025-11-20T19:06:53.383875Z","level":"info","event":"DAG bundles loaded: dags-folder","logger":"airflow.dag_processing.bundles.manager.DagBundlesManager","filename":"manager.py","lineno":179}
{"timestamp":"2025-11-20T19:06:53.391782Z","level":"info","event":"Filling up the DagBag from /opt/airflow/dags/get_data_with_airflow.py","logger":"airflow.models.dagbag.DagBag","filename":"dagbag.py","lineno":593}
{"timestamp":"2025-11-20T19:06:55.674055Z","level":"warning","event":"The `airflow.operators.python.PythonOperator` attribute is deprecated. Please use `'airflow.providers.standard.operators.python.PythonOperator'`.","category":"DeprecatedImportWarning","filename":"/opt/airflow/dags/get_data_with_airflow.py","lineno":4,"logger":"py.warnings"}
{"timestamp":"2025-11-20T19:06:55.674202Z","level":"warning","event":"The `airflow.operators.bash.BashOperator` attribute is deprecated. Please use `'airflow.providers.standard.operators.bash.BashOperator'`.","category":"DeprecatedImportWarning","filename":"/opt/airflow/dags/get_data_with_airflow.py","lineno":5,"logger":"py.warnings"}
{"timestamp":"2025-11-20T19:06:55.674246Z","level":"warning","event":"The `airflow.decorators.dag` attribute is deprecated. Please use `'airflow.sdk.dag'`.","category":"DeprecatedImportWarning","filename":"/opt/airflow/dags/get_data_with_airflow.py","lineno":12,"logger":"py.warnings"}
{"timestamp":"2025-11-20T19:06:55.674299Z","level":"warning","event":"The `airflow.decorators.task` attribute is deprecated. Please use `'airflow.sdk.task'`.","category":"DeprecatedImportWarning","filename":"/opt/airflow/dags/get_data_with_airflow.py","lineno":12,"logger":"py.warnings"}
{"timestamp":"2025-11-20T19:06:56.827400Z","level":"info","event":"..................TÜRKİYE VE YAKIN ÇEVRESİNDEKİ SON DEPREMLER....................","logger":"task.stdout"}
{"timestamp":"2025-11-20T19:06:56.827758Z","level":"info","event":".....BÖLGESEL DEPREM-TSUNAMİ İZLEME VE DEĞERLENDİRME MERKEZİ HIZLI ÇÖZÜMLERİ.....","logger":"task.stdout"}
{"timestamp":"2025-11-20T19:06:56.827907Z","level":"info","event":"......(YAPAY SARSINTI ANALİZİ YAPILMAMIŞTIR) Son 500 deprem listelenmiştir......","logger":"task.stdout"}
{"timestamp":"2025-11-20T19:06:56.828022Z","level":"info","event":"                                                        Büyüklük","logger":"task.stdout"}
{"timestamp":"2025-11-20T19:06:56.828135Z","level":"info","event":"Tarih      Saat      Enlem(N)  Boylam(E) Derinlik(km)  MD   ML   Mw    Yer                                             Çözüm Niteliği","logger":"task.stdout"}
{"timestamp":"2025-11-20T19:06:56.828242Z","level":"info","event":"---------- --------  --------  -------   ----------","logger":"task.stdout"}
{"timestamp":"2025-11-20T19:06:56.868987Z","level":"info","event":"        tarih      saat  ...   Mw                                    yer","logger":"task.stdout"}
{"timestamp":"2025-11-20T19:06:56.869231Z","level":"info","event":"0  2025.11.20  21:34:48  ...  -.-      ASAGIOZ-YAPRAKLI (CANKIRI) İlksel","logger":"task.stdout"}
{"timestamp":"2025-11-20T19:06:56.869345Z","level":"info","event":"1  2025.11.20  21:08:06  ...  -.-    ISIKLAR-SINDIRGI (BALIKESIR) İlksel","logger":"task.stdout"}
{"timestamp":"2025-11-20T19:06:56.869593Z","level":"info","event":"2  2025.11.20  21:03:22  ...  -.-  BELKARACAOREN-(AFYONKARAHISAR) İlksel","logger":"task.stdout"}
{"timestamp":"2025-11-20T19:06:56.869716Z","level":"info","event":"3  2025.11.20  20:48:24  ...  -.-           KALEKOY-ERBAA (TOKAT) İlksel","logger":"task.stdout"}
{"timestamp":"2025-11-20T19:06:56.869846Z","level":"info","event":"4  2025.11.20  20:41:39  ...  -.-     KERTIL-SINDIRGI (BALIKESIR) İlksel","logger":"task.stdout"}
{"timestamp":"2025-11-20T19:06:56.869969Z","level":"info","event":"","logger":"task.stdout"}
{"timestamp":"2025-11-20T19:06:56.870103Z","level":"info","event":"[5 rows x 9 columns]","logger":"task.stdout"}
{"timestamp":"2025-11-20T19:06:56.868973Z","level":"info","event":"Successfully scraped 500 items.","logger":"root","filename":"get_data_with_airflow.py","lineno":176}
{"timestamp":"2025-11-20T19:06:56.869624Z","level":"info","event":"Done. Returned value was: 500","logger":"airflow.task.operators.airflow.providers.standard.decorators.python._PythonDecoratedOperator","filename":"python.py","lineno":218}
{"timestamp":"2025-11-20T19:06:56.869848Z","level":"info","event":"Pushing xcom","ti":"RuntimeTaskInstance(id=UUID('019aa2a9-8c09-7af2-b7c9-4a11261b9d69'), task_id='fetch_earthquake_data', dag_id='kandilli_earthquake_data_pipeline_v5', run_id='scheduled__2025-11-20T19:00:00+00:00', try_number=1, dag_version_id=UUID('019aa150-28c6-7138-957a-60558b150315'), map_index=-1, hostname='d4648a2ceab8', context_carrier={}, task=<Task(_PythonDecoratedOperator): fetch_earthquake_data>, bundle_instance=LocalDagBundle(name=dags-folder), max_tries=0, start_date=datetime.datetime(2025, 11, 20, 19, 6, 52, 100210, tzinfo=datetime.timezone.utc), end_date=None, state=<TaskInstanceState.RUNNING: 'running'>, is_mapped=False, rendered_map_index=None)","logger":"task","filename":"task_runner.py","lineno":1352}
