{"timestamp":"2025-10-08T17:00:25.444111Z","level":"info","event":"DAG bundles loaded: dags-folder","logger":"airflow.dag_processing.bundles.manager.DagBundlesManager","filename":"manager.py","lineno":179}
{"timestamp":"2025-10-08T17:00:25.457387Z","level":"info","event":"Filling up the DagBag from /opt/airflow/dags/get_data_with_airflow.py","logger":"airflow.models.dagbag.DagBag","filename":"dagbag.py","lineno":593}
{"timestamp":"2025-10-08T17:00:27.304812Z","level":"warning","event":"The `airflow.operators.python.PythonOperator` attribute is deprecated. Please use `'airflow.providers.standard.operators.python.PythonOperator'`.","category":"DeprecatedImportWarning","filename":"/opt/airflow/dags/get_data_with_airflow.py","lineno":4,"logger":"py.warnings"}
{"timestamp":"2025-10-08T17:00:27.305052Z","level":"warning","event":"The `airflow.operators.bash.BashOperator` attribute is deprecated. Please use `'airflow.providers.standard.operators.bash.BashOperator'`.","category":"DeprecatedImportWarning","filename":"/opt/airflow/dags/get_data_with_airflow.py","lineno":5,"logger":"py.warnings"}
{"timestamp":"2025-10-08T17:00:27.534357Z","level":"info","event":"..................TÜRKİYE VE YAKIN ÇEVRESİNDEKİ SON DEPREMLER....................","logger":"task.stdout"}
{"timestamp":"2025-10-08T17:00:27.536044Z","level":"info","event":".....BÖLGESEL DEPREM-TSUNAMİ İZLEME VE DEĞERLENDİRME MERKEZİ HIZLI ÇÖZÜMLERİ.....","logger":"task.stdout"}
{"timestamp":"2025-10-08T17:00:27.536158Z","level":"info","event":"......(YAPAY SARSINTI ANALİZİ YAPILMAMIŞTIR) Son 500 deprem listelenmiştir......","logger":"task.stdout"}
{"timestamp":"2025-10-08T17:00:27.536218Z","level":"info","event":"                                                        Büyüklük","logger":"task.stdout"}
{"timestamp":"2025-10-08T17:00:27.536290Z","level":"info","event":"Tarih      Saat      Enlem(N)  Boylam(E) Derinlik(km)  MD   ML   Mw    Yer                                             Çözüm Niteliği","logger":"task.stdout"}
{"timestamp":"2025-10-08T17:00:27.536346Z","level":"info","event":"---------- --------  --------  -------   ----------","logger":"task.stdout"}
{"timestamp":"2025-10-08T17:00:27.597525Z","level":"info","event":"        tarih      saat  ...   Mw                                     yer","logger":"task.stdout"}
{"timestamp":"2025-10-08T17:00:27.597760Z","level":"info","event":"0  2025.10.08  19:37:42  ...  -.-    OSMANLAR-SINDIRGI (BALIKESIR) İlksel","logger":"task.stdout"}
{"timestamp":"2025-10-08T17:00:27.597865Z","level":"info","event":"1  2025.10.08  18:56:55  ...  -.-          YENILER-SIMAV (KUTAHYA) İlksel","logger":"task.stdout"}
{"timestamp":"2025-10-08T17:00:27.597949Z","level":"info","event":"2  2025.10.08  18:56:11  ...  -.-       KARACAOREN-SIMAV (KUTAHYA) İlksel","logger":"task.stdout"}
{"timestamp":"2025-10-08T17:00:27.598043Z","level":"info","event":"3  2025.10.08  18:50:36  ...  -.-  DANACAYIRI-SINDIRGI (BALIKESIR) İlksel","logger":"task.stdout"}
{"timestamp":"2025-10-08T17:00:27.598115Z","level":"info","event":"4  2025.10.08  18:50:26  ...  -.-                 KOCKALE-(ELAZIG) İlksel","logger":"task.stdout"}
{"timestamp":"2025-10-08T17:00:27.598194Z","level":"info","event":"","logger":"task.stdout"}
{"timestamp":"2025-10-08T17:00:27.598309Z","level":"info","event":"[5 rows x 9 columns]","logger":"task.stdout"}
{"timestamp":"2025-10-08T17:00:27.598818Z","level":"info","event":"Successfully scraped 500 items.","logger":"root","filename":"get_data_with_airflow.py","lineno":57}
{"timestamp":"2025-10-08T17:00:27.602197Z","level":"info","event":"Done. Returned value was: 500","logger":"airflow.task.operators.airflow.providers.standard.operators.python.PythonOperator","filename":"python.py","lineno":218}
{"timestamp":"2025-10-08T17:00:27.604781Z","level":"info","event":"Pushing xcom","ti":"RuntimeTaskInstance(id=UUID('0199c4c3-6417-75d7-a8ac-0c0a3099b77d'), task_id='fetch_earthquake_data', dag_id='kandilli_earthquake_data_pipeline_v1', run_id='scheduled__2025-10-08T00:00:00+00:00', try_number=4, dag_version_id=UUID('0199c4bc-2947-75f7-95c8-180021ada84f'), map_index=-1, hostname='9cda2ffc2213', context_carrier={}, task=<Task(PythonOperator): fetch_earthquake_data>, bundle_instance=LocalDagBundle(name=dags-folder), max_tries=8, start_date=datetime.datetime(2025, 10, 8, 17, 0, 25, 110650, tzinfo=datetime.timezone.utc), end_date=None, state=<TaskInstanceState.RUNNING: 'running'>, is_mapped=False, rendered_map_index=None)","logger":"task","filename":"task_runner.py","lineno":1352}
