{"timestamp":"2025-11-20T21:00:00.714562Z","level":"info","event":"DAG bundles loaded: dags-folder","logger":"airflow.dag_processing.bundles.manager.DagBundlesManager","filename":"manager.py","lineno":179}
{"timestamp":"2025-11-20T21:00:00.716987Z","level":"info","event":"Filling up the DagBag from /opt/airflow/dags/get_data_with_airflow.py","logger":"airflow.models.dagbag.DagBag","filename":"dagbag.py","lineno":593}
{"timestamp":"2025-11-20T21:00:01.535280Z","level":"warning","event":"The `airflow.operators.python.PythonOperator` attribute is deprecated. Please use `'airflow.providers.standard.operators.python.PythonOperator'`.","category":"DeprecatedImportWarning","filename":"/opt/airflow/dags/get_data_with_airflow.py","lineno":4,"logger":"py.warnings"}
{"timestamp":"2025-11-20T21:00:01.535441Z","level":"warning","event":"The `airflow.operators.bash.BashOperator` attribute is deprecated. Please use `'airflow.providers.standard.operators.bash.BashOperator'`.","category":"DeprecatedImportWarning","filename":"/opt/airflow/dags/get_data_with_airflow.py","lineno":5,"logger":"py.warnings"}
{"timestamp":"2025-11-20T21:00:01.535476Z","level":"warning","event":"The `airflow.decorators.dag` attribute is deprecated. Please use `'airflow.sdk.dag'`.","category":"DeprecatedImportWarning","filename":"/opt/airflow/dags/get_data_with_airflow.py","lineno":12,"logger":"py.warnings"}
{"timestamp":"2025-11-20T21:00:01.535503Z","level":"warning","event":"The `airflow.decorators.task` attribute is deprecated. Please use `'airflow.sdk.task'`.","category":"DeprecatedImportWarning","filename":"/opt/airflow/dags/get_data_with_airflow.py","lineno":12,"logger":"py.warnings"}
{"timestamp":"2025-11-20T21:00:01.891375Z","level":"info","event":"..................TÜRKİYE VE YAKIN ÇEVRESİNDEKİ SON DEPREMLER....................","logger":"task.stdout"}
{"timestamp":"2025-11-20T21:00:01.893195Z","level":"info","event":".....BÖLGESEL DEPREM-TSUNAMİ İZLEME VE DEĞERLENDİRME MERKEZİ HIZLI ÇÖZÜMLERİ.....","logger":"task.stdout"}
{"timestamp":"2025-11-20T21:00:01.893349Z","level":"info","event":"......(YAPAY SARSINTI ANALİZİ YAPILMAMIŞTIR) Son 500 deprem listelenmiştir......","logger":"task.stdout"}
{"timestamp":"2025-11-20T21:00:01.893461Z","level":"info","event":"                                                        Büyüklük","logger":"task.stdout"}
{"timestamp":"2025-11-20T21:00:01.893558Z","level":"info","event":"Tarih      Saat      Enlem(N)  Boylam(E) Derinlik(km)  MD   ML   Mw    Yer                                             Çözüm Niteliği","logger":"task.stdout"}
{"timestamp":"2025-11-20T21:00:01.893671Z","level":"info","event":"---------- --------  --------  -------   ----------","logger":"task.stdout"}
{"timestamp":"2025-11-20T21:00:01.923650Z","level":"info","event":"        tarih      saat  ...   Mw                                   yer","logger":"task.stdout"}
{"timestamp":"2025-11-20T21:00:01.923825Z","level":"info","event":"0  2025.11.20  23:41:11  ...  -.-      FILIKLI-KARAISALI (ADANA) İlksel","logger":"task.stdout"}
{"timestamp":"2025-11-20T21:00:01.923925Z","level":"info","event":"1  2025.11.20  23:08:11  ...  -.-  BAYRAKLI-SINDIRGI (BALIKESIR) İlksel","logger":"task.stdout"}
{"timestamp":"2025-11-20T21:00:01.924008Z","level":"info","event":"2  2025.11.20  23:08:08  ...  -.-                     YUNANISTAN İlksel","logger":"task.stdout"}
{"timestamp":"2025-11-20T21:00:01.924077Z","level":"info","event":"3  2025.11.20  23:07:03  ...  -.-                     YUNANISTAN İlksel","logger":"task.stdout"}
{"timestamp":"2025-11-20T21:00:01.924158Z","level":"info","event":"4  2025.11.20  22:54:19  ...  -.-   HIRKATEPE-BEYPAZARI (ANKARA) İlksel","logger":"task.stdout"}
{"timestamp":"2025-11-20T21:00:01.924221Z","level":"info","event":"","logger":"task.stdout"}
{"timestamp":"2025-11-20T21:00:01.924333Z","level":"info","event":"[5 rows x 9 columns]","logger":"task.stdout"}
{"timestamp":"2025-11-20T21:00:01.924555Z","level":"info","event":"Successfully scraped 500 items.","logger":"root","filename":"get_data_with_airflow.py","lineno":176}
{"timestamp":"2025-11-20T21:00:01.925656Z","level":"info","event":"Done. Returned value was: 500","logger":"airflow.task.operators.airflow.providers.standard.decorators.python._PythonDecoratedOperator","filename":"python.py","lineno":218}
{"timestamp":"2025-11-20T21:00:01.926075Z","level":"info","event":"Pushing xcom","ti":"RuntimeTaskInstance(id=UUID('019aa311-2104-7a47-ad7e-addd1e296005'), task_id='fetch_earthquake_data', dag_id='kandilli_earthquake_data_pipeline_v5', run_id='scheduled__2025-11-20T21:00:00+00:00', try_number=1, dag_version_id=UUID('019aa150-28c6-7138-957a-60558b150315'), map_index=-1, hostname='d4648a2ceab8', context_carrier={}, task=<Task(_PythonDecoratedOperator): fetch_earthquake_data>, bundle_instance=LocalDagBundle(name=dags-folder), max_tries=0, start_date=datetime.datetime(2025, 11, 20, 21, 0, 0, 579817, tzinfo=datetime.timezone.utc), end_date=None, state=<TaskInstanceState.RUNNING: 'running'>, is_mapped=False, rendered_map_index=None)","logger":"task","filename":"task_runner.py","lineno":1352}
