{"timestamp":"2025-10-09T16:04:10.526440Z","level":"info","event":"DAG bundles loaded: dags-folder","logger":"airflow.dag_processing.bundles.manager.DagBundlesManager","filename":"manager.py","lineno":179}
{"timestamp":"2025-10-09T16:04:10.528991Z","level":"info","event":"Filling up the DagBag from /opt/airflow/dags/get_data_with_airflow.py","logger":"airflow.models.dagbag.DagBag","filename":"dagbag.py","lineno":593}
{"timestamp":"2025-10-09T16:04:11.748939Z","level":"warning","event":"The `airflow.operators.python.PythonOperator` attribute is deprecated. Please use `'airflow.providers.standard.operators.python.PythonOperator'`.","category":"DeprecatedImportWarning","filename":"/opt/airflow/dags/get_data_with_airflow.py","lineno":4,"logger":"py.warnings"}
{"timestamp":"2025-10-09T16:04:11.749137Z","level":"warning","event":"The `airflow.operators.bash.BashOperator` attribute is deprecated. Please use `'airflow.providers.standard.operators.bash.BashOperator'`.","category":"DeprecatedImportWarning","filename":"/opt/airflow/dags/get_data_with_airflow.py","lineno":5,"logger":"py.warnings"}
{"timestamp":"2025-10-09T16:04:11.981204Z","level":"info","event":"..................TÜRKİYE VE YAKIN ÇEVRESİNDEKİ SON DEPREMLER....................","logger":"task.stdout"}
{"timestamp":"2025-10-09T16:04:11.982706Z","level":"info","event":".....BÖLGESEL DEPREM-TSUNAMİ İZLEME VE DEĞERLENDİRME MERKEZİ HIZLI ÇÖZÜMLERİ.....","logger":"task.stdout"}
{"timestamp":"2025-10-09T16:04:11.982935Z","level":"info","event":"......(YAPAY SARSINTI ANALİZİ YAPILMAMIŞTIR) Son 500 deprem listelenmiştir......","logger":"task.stdout"}
{"timestamp":"2025-10-09T16:04:11.983040Z","level":"info","event":"                                                        Büyüklük","logger":"task.stdout"}
{"timestamp":"2025-10-09T16:04:11.983287Z","level":"info","event":"Tarih      Saat      Enlem(N)  Boylam(E) Derinlik(km)  MD   ML   Mw    Yer                                             Çözüm Niteliği","logger":"task.stdout"}
{"timestamp":"2025-10-09T16:04:11.983465Z","level":"info","event":"---------- --------  --------  -------   ----------","logger":"task.stdout"}
{"timestamp":"2025-10-09T16:04:12.009570Z","level":"info","event":"        tarih      saat  ...   Mw                                           yer","logger":"task.stdout"}
{"timestamp":"2025-10-09T16:04:12.009795Z","level":"info","event":"0  2025.10.09  18:12:58  ...  -.-                YEMISLI-SIMAV (KUTAHYA) İlksel","logger":"task.stdout"}
{"timestamp":"2025-10-09T16:04:12.010816Z","level":"info","event":"1  2025.10.09  17:57:25  ...  -.-         CEKIRDEKLI-BIGADIC (BALIKESIR) İlksel","logger":"task.stdout"}
{"timestamp":"2025-10-09T16:04:12.011751Z","level":"info","event":"2  2025.10.09  17:26:14  ...  -.-          GEBEN-ANDIRIN (KAHRAMANMARAS) İlksel","logger":"task.stdout"}
{"timestamp":"2025-10-09T16:04:12.011818Z","level":"info","event":"3  2025.10.09  17:22:54  ...  -.-  KUCUKYAPALAK-ELBISTAN (KAHRAMANMARAS) İlksel","logger":"task.stdout"}
{"timestamp":"2025-10-09T16:04:12.011882Z","level":"info","event":"4  2025.10.09  17:16:53  ...  -.-                         MARMARA DENIZI İlksel","logger":"task.stdout"}
{"timestamp":"2025-10-09T16:04:12.011958Z","level":"info","event":"","logger":"task.stdout"}
{"timestamp":"2025-10-09T16:04:12.012044Z","level":"info","event":"[5 rows x 9 columns]","logger":"task.stdout"}
{"timestamp":"2025-10-09T16:04:12.010322Z","level":"info","event":"Successfully scraped 500 items.","logger":"root","filename":"get_data_with_airflow.py","lineno":59}
{"timestamp":"2025-10-09T16:04:12.011301Z","level":"info","event":"Done. Returned value was: 500","logger":"airflow.task.operators.airflow.providers.standard.operators.python.PythonOperator","filename":"python.py","lineno":218}
{"timestamp":"2025-10-09T16:04:12.011514Z","level":"info","event":"Pushing xcom","ti":"RuntimeTaskInstance(id=UUID('0199c9b7-3134-7ed8-8e7b-e7d3a27723fc'), task_id='fetch_earthquake_data', dag_id='kandilli_earthquake_data_pipeline_v4', run_id='scheduled__2025-10-09T16:00:00+00:00', try_number=1, dag_version_id=UUID('0199c655-a686-7cc3-ad60-450f04cdc43a'), map_index=-1, hostname='9cda2ffc2213', context_carrier={}, task=<Task(PythonOperator): fetch_earthquake_data>, bundle_instance=LocalDagBundle(name=dags-folder), max_tries=5, start_date=datetime.datetime(2025, 10, 9, 16, 4, 10, 385234, tzinfo=datetime.timezone.utc), end_date=None, state=<TaskInstanceState.RUNNING: 'running'>, is_mapped=False, rendered_map_index=None)","logger":"task","filename":"task_runner.py","lineno":1352}
