{"timestamp":"2025-10-08T21:49:01.121845Z","level":"info","event":"DAG bundles loaded: dags-folder","logger":"airflow.dag_processing.bundles.manager.DagBundlesManager","filename":"manager.py","lineno":179}
{"timestamp":"2025-10-08T21:49:01.131766Z","level":"info","event":"Filling up the DagBag from /opt/airflow/dags/get_data_with_airflow.py","logger":"airflow.models.dagbag.DagBag","filename":"dagbag.py","lineno":593}
{"timestamp":"2025-10-08T21:49:02.165241Z","level":"warning","event":"The `airflow.operators.python.PythonOperator` attribute is deprecated. Please use `'airflow.providers.standard.operators.python.PythonOperator'`.","category":"DeprecatedImportWarning","filename":"/opt/airflow/dags/get_data_with_airflow.py","lineno":4,"logger":"py.warnings"}
{"timestamp":"2025-10-08T21:49:02.165518Z","level":"warning","event":"The `airflow.operators.bash.BashOperator` attribute is deprecated. Please use `'airflow.providers.standard.operators.bash.BashOperator'`.","category":"DeprecatedImportWarning","filename":"/opt/airflow/dags/get_data_with_airflow.py","lineno":5,"logger":"py.warnings"}
{"timestamp":"2025-10-08T21:49:02.380523Z","level":"info","event":"..................TÜRKİYE VE YAKIN ÇEVRESİNDEKİ SON DEPREMLER....................","logger":"task.stdout"}
{"timestamp":"2025-10-08T21:49:02.380980Z","level":"info","event":".....BÖLGESEL DEPREM-TSUNAMİ İZLEME VE DEĞERLENDİRME MERKEZİ HIZLI ÇÖZÜMLERİ.....","logger":"task.stdout"}
{"timestamp":"2025-10-08T21:49:02.381070Z","level":"info","event":"......(YAPAY SARSINTI ANALİZİ YAPILMAMIŞTIR) Son 500 deprem listelenmiştir......","logger":"task.stdout"}
{"timestamp":"2025-10-08T21:49:02.381122Z","level":"info","event":"                                                        Büyüklük","logger":"task.stdout"}
{"timestamp":"2025-10-08T21:49:02.381167Z","level":"info","event":"Tarih      Saat      Enlem(N)  Boylam(E) Derinlik(km)  MD   ML   Mw    Yer                                             Çözüm Niteliği","logger":"task.stdout"}
{"timestamp":"2025-10-08T21:49:02.381217Z","level":"info","event":"---------- --------  --------  -------   ----------","logger":"task.stdout"}
{"timestamp":"2025-10-08T21:49:02.413321Z","level":"info","event":"        tarih      saat    enlem  ... ML   Mw                                   yer","logger":"task.stdout"}
{"timestamp":"2025-10-08T21:49:02.415926Z","level":"info","event":"0  2025.10.09  00:30:14  39.2590  ...  -  -.-      YESILDERE-SIMAV (KUTAHYA) İlksel","logger":"task.stdout"}
{"timestamp":"2025-10-08T21:49:02.416002Z","level":"info","event":"1  2025.10.09  00:12:05  39.2073  ...  -  -.-  YAYLACIK-SINDIRGI (BALIKESIR) İlksel","logger":"task.stdout"}
{"timestamp":"2025-10-08T21:49:02.416051Z","level":"info","event":"2  2025.10.09  00:03:21  39.2458  ...  -  -.-     KAYALIDERE-SIMAV (KUTAHYA) İlksel","logger":"task.stdout"}
{"timestamp":"2025-10-08T21:49:02.416091Z","level":"info","event":"3  2025.10.08  23:59:11  39.1850  ...  -  -.-  YAYLACIK-SINDIRGI (BALIKESIR) İlksel","logger":"task.stdout"}
{"timestamp":"2025-10-08T21:49:02.416129Z","level":"info","event":"4  2025.10.08  23:54:05  39.2118  ...  -  -.-  YAYLACIK-SINDIRGI (BALIKESIR) İlksel","logger":"task.stdout"}
{"timestamp":"2025-10-08T21:49:02.416164Z","level":"info","event":"","logger":"task.stdout"}
{"timestamp":"2025-10-08T21:49:02.416212Z","level":"info","event":"[5 rows x 9 columns]","logger":"task.stdout"}
{"timestamp":"2025-10-08T21:49:02.413606Z","level":"info","event":"Successfully scraped 500 items.","logger":"root","filename":"get_data_with_airflow.py","lineno":59}
{"timestamp":"2025-10-08T21:49:02.414267Z","level":"info","event":"Done. Returned value was: 500","logger":"airflow.task.operators.airflow.providers.standard.operators.python.PythonOperator","filename":"python.py","lineno":218}
{"timestamp":"2025-10-08T21:49:02.414514Z","level":"info","event":"Pushing xcom","ti":"RuntimeTaskInstance(id=UUID('0199c5cc-88cb-79cf-b0fe-f60c0a59f4e0'), task_id='fetch_earthquake_data', dag_id='kandilli_earthquake_data_pipeline_v3', run_id='scheduled__2025-10-08T21:00:00+00:00', try_number=1, dag_version_id=UUID('0199c5cc-626c-75fa-bc5d-ae1246295efc'), map_index=-1, hostname='9cda2ffc2213', context_carrier={}, task=<Task(PythonOperator): fetch_earthquake_data>, bundle_instance=LocalDagBundle(name=dags-folder), max_tries=5, start_date=datetime.datetime(2025, 10, 8, 21, 49, 0, 773547, tzinfo=datetime.timezone.utc), end_date=None, state=<TaskInstanceState.RUNNING: 'running'>, is_mapped=False, rendered_map_index=None)","logger":"task","filename":"task_runner.py","lineno":1352}
