{"timestamp":"2025-10-25T21:25:34.142961Z","level":"info","event":"DAG bundles loaded: dags-folder","logger":"airflow.dag_processing.bundles.manager.DagBundlesManager","filename":"manager.py","lineno":179}
{"timestamp":"2025-10-25T21:25:34.144807Z","level":"info","event":"Filling up the DagBag from /opt/airflow/dags/get_data_with_airflow.py","logger":"airflow.models.dagbag.DagBag","filename":"dagbag.py","lineno":593}
{"timestamp":"2025-10-25T21:25:34.908552Z","level":"warning","event":"The `airflow.operators.python.PythonOperator` attribute is deprecated. Please use `'airflow.providers.standard.operators.python.PythonOperator'`.","category":"DeprecatedImportWarning","filename":"/opt/airflow/dags/get_data_with_airflow.py","lineno":4,"logger":"py.warnings"}
{"timestamp":"2025-10-25T21:25:34.908714Z","level":"warning","event":"The `airflow.operators.bash.BashOperator` attribute is deprecated. Please use `'airflow.providers.standard.operators.bash.BashOperator'`.","category":"DeprecatedImportWarning","filename":"/opt/airflow/dags/get_data_with_airflow.py","lineno":5,"logger":"py.warnings"}
{"timestamp":"2025-10-25T21:25:35.083761Z","level":"info","event":"..................TÜRKİYE VE YAKIN ÇEVRESİNDEKİ SON DEPREMLER....................","logger":"task.stdout"}
{"timestamp":"2025-10-25T21:25:35.087397Z","level":"info","event":".....BÖLGESEL DEPREM-TSUNAMİ İZLEME VE DEĞERLENDİRME MERKEZİ HIZLI ÇÖZÜMLERİ.....","logger":"task.stdout"}
{"timestamp":"2025-10-25T21:25:35.088360Z","level":"info","event":"......(YAPAY SARSINTI ANALİZİ YAPILMAMIŞTIR) Son 500 deprem listelenmiştir......","logger":"task.stdout"}
{"timestamp":"2025-10-25T21:25:35.091334Z","level":"info","event":"                                                        Büyüklük","logger":"task.stdout"}
{"timestamp":"2025-10-25T21:25:35.092725Z","level":"info","event":"Tarih      Saat      Enlem(N)  Boylam(E) Derinlik(km)  MD   ML   Mw    Yer                                             Çözüm Niteliği","logger":"task.stdout"}
{"timestamp":"2025-10-25T21:25:35.092781Z","level":"info","event":"---------- --------  --------  -------   ----------","logger":"task.stdout"}
{"timestamp":"2025-10-25T21:25:35.095268Z","level":"info","event":"        tarih      saat    enlem  ...   ML   Mw                                  yer","logger":"task.stdout"}
{"timestamp":"2025-10-25T21:25:35.095386Z","level":"info","event":"0  2025.10.25  22:59:09  39.2532  ...  1.0  -.-       YEMISLI-SIMAV (KUTAHYA) İlksel","logger":"task.stdout"}
{"timestamp":"2025-10-25T21:25:35.095437Z","level":"info","event":"1  2025.10.25  22:53:00  40.7807  ...  2.0  -.-                MARMARA DENIZI İlksel","logger":"task.stdout"}
{"timestamp":"2025-10-25T21:25:35.095483Z","level":"info","event":"2  2025.10.25  21:56:31  39.2387  ...  1.7  -.-       YEMISLI-SIMAV (KUTAHYA) İlksel","logger":"task.stdout"}
{"timestamp":"2025-10-25T21:25:35.095526Z","level":"info","event":"3  2025.10.25  21:48:59  40.1933  ...  2.5  -.-  HIRKATEPE-BEYPAZARI (ANKARA) İlksel","logger":"task.stdout"}
{"timestamp":"2025-10-25T21:25:35.095562Z","level":"info","event":"4  2025.10.25  21:13:03  39.3422  ...  1.2  -.-  KOCABEY-SINDIRGI (BALIKESIR) İlksel","logger":"task.stdout"}
{"timestamp":"2025-10-25T21:25:35.095598Z","level":"info","event":"","logger":"task.stdout"}
{"timestamp":"2025-10-25T21:25:35.095660Z","level":"info","event":"[5 rows x 9 columns]","logger":"task.stdout"}
{"timestamp":"2025-10-25T21:25:35.095785Z","level":"info","event":"Successfully scraped 500 items.","logger":"root","filename":"get_data_with_airflow.py","lineno":59}
{"timestamp":"2025-10-25T21:25:35.096337Z","level":"info","event":"Done. Returned value was: 500","logger":"airflow.task.operators.airflow.providers.standard.operators.python.PythonOperator","filename":"python.py","lineno":218}
{"timestamp":"2025-10-25T21:25:35.096573Z","level":"info","event":"Pushing xcom","ti":"RuntimeTaskInstance(id=UUID('019a1d43-2e7d-796e-b0bd-303063991d73'), task_id='fetch_earthquake_data', dag_id='kandilli_earthquake_data_pipeline_v4', run_id='manual__2025-10-25T21:25:33.394713+00:00', try_number=1, dag_version_id=UUID('0199d36c-84f6-7616-8149-d1895cb7cd08'), map_index=-1, hostname='2ce752ad6d79', context_carrier={}, task=<Task(PythonOperator): fetch_earthquake_data>, bundle_instance=LocalDagBundle(name=dags-folder), max_tries=5, start_date=datetime.datetime(2025, 10, 25, 21, 25, 34, 62380, tzinfo=datetime.timezone.utc), end_date=None, state=<TaskInstanceState.RUNNING: 'running'>, is_mapped=False, rendered_map_index=None)","logger":"task","filename":"task_runner.py","lineno":1352}
