{"timestamp":"2025-11-15T13:00:00.612136Z","level":"info","event":"DAG bundles loaded: dags-folder","logger":"airflow.dag_processing.bundles.manager.DagBundlesManager","filename":"manager.py","lineno":179}
{"timestamp":"2025-11-15T13:00:00.612864Z","level":"info","event":"Filling up the DagBag from /opt/airflow/dags/get_data_with_airflow.py","logger":"airflow.models.dagbag.DagBag","filename":"dagbag.py","lineno":593}
{"timestamp":"2025-11-15T13:00:01.006826Z","level":"warning","event":"The `airflow.operators.python.PythonOperator` attribute is deprecated. Please use `'airflow.providers.standard.operators.python.PythonOperator'`.","category":"DeprecatedImportWarning","filename":"/opt/airflow/dags/get_data_with_airflow.py","lineno":4,"logger":"py.warnings"}
{"timestamp":"2025-11-15T13:00:01.006906Z","level":"warning","event":"The `airflow.operators.bash.BashOperator` attribute is deprecated. Please use `'airflow.providers.standard.operators.bash.BashOperator'`.","category":"DeprecatedImportWarning","filename":"/opt/airflow/dags/get_data_with_airflow.py","lineno":5,"logger":"py.warnings"}
{"timestamp":"2025-11-15T13:00:01.135444Z","level":"info","event":"..................TÜRKİYE VE YAKIN ÇEVRESİNDEKİ SON DEPREMLER....................","logger":"task.stdout"}
{"timestamp":"2025-11-15T13:00:01.138044Z","level":"info","event":".....BÖLGESEL DEPREM-TSUNAMİ İZLEME VE DEĞERLENDİRME MERKEZİ HIZLI ÇÖZÜMLERİ.....","logger":"task.stdout"}
{"timestamp":"2025-11-15T13:00:01.140106Z","level":"info","event":"......(YAPAY SARSINTI ANALİZİ YAPILMAMIŞTIR) Son 500 deprem listelenmiştir......","logger":"task.stdout"}
{"timestamp":"2025-11-15T13:00:01.142021Z","level":"info","event":"                                                        Büyüklük","logger":"task.stdout"}
{"timestamp":"2025-11-15T13:00:01.142168Z","level":"info","event":"Tarih      Saat      Enlem(N)  Boylam(E) Derinlik(km)  MD   ML   Mw    Yer                                             Çözüm Niteliği","logger":"task.stdout"}
{"timestamp":"2025-11-15T13:00:01.142246Z","level":"info","event":"---------- --------  --------  -------   ----------","logger":"task.stdout"}
{"timestamp":"2025-11-15T13:00:01.149062Z","level":"info","event":"        tarih      saat    enlem  ...   ML   Mw                                  yer","logger":"task.stdout"}
{"timestamp":"2025-11-15T13:00:01.149188Z","level":"info","event":"0  2025.11.15  15:18:23  39.1025  ...  2.1  -.-      HANPASA-AKHISAR (MANISA) İlksel","logger":"task.stdout"}
{"timestamp":"2025-11-15T13:00:01.149269Z","level":"info","event":"1  2025.11.15  15:15:53  39.1292  ...  2.4  -.-  YUREGIL-SINDIRGI (BALIKESIR) İlksel","logger":"task.stdout"}
{"timestamp":"2025-11-15T13:00:01.149344Z","level":"info","event":"2  2025.11.15  15:09:22  39.1122  ...  1.7  -.-  YUREGIL-SINDIRGI (BALIKESIR) İlksel","logger":"task.stdout"}
{"timestamp":"2025-11-15T13:00:01.149410Z","level":"info","event":"3  2025.11.15  15:03:17  40.8103  ...  1.4  -.-                MARMARA DENIZI İlksel","logger":"task.stdout"}
{"timestamp":"2025-11-15T13:00:01.149476Z","level":"info","event":"4  2025.11.15  14:57:49  39.1800  ...  2.0  -.-  ISIKLAR-SINDIRGI (BALIKESIR) İlksel","logger":"task.stdout"}
{"timestamp":"2025-11-15T13:00:01.149551Z","level":"info","event":"","logger":"task.stdout"}
{"timestamp":"2025-11-15T13:00:01.149616Z","level":"info","event":"[5 rows x 9 columns]","logger":"task.stdout"}
{"timestamp":"2025-11-15T13:00:01.148322Z","level":"info","event":"Successfully scraped 500 items.","logger":"root","filename":"get_data_with_airflow.py","lineno":66}
{"timestamp":"2025-11-15T13:00:01.148741Z","level":"info","event":"Done. Returned value was: 500","logger":"airflow.task.operators.airflow.providers.standard.operators.python.PythonOperator","filename":"python.py","lineno":218}
{"timestamp":"2025-11-15T13:00:01.148853Z","level":"info","event":"Pushing xcom","ti":"RuntimeTaskInstance(id=UUID('019a8799-e24c-7246-bf6d-e0d02c77c1db'), task_id='fetch_earthquake_data', dag_id='kandilli_earthquake_data_pipeline_v4', run_id='scheduled__2025-11-15T13:00:00+00:00', try_number=1, dag_version_id=UUID('0199d36c-84f6-7616-8149-d1895cb7cd08'), map_index=-1, hostname='9bf6349055c0', context_carrier={}, task=<Task(PythonOperator): fetch_earthquake_data>, bundle_instance=LocalDagBundle(name=dags-folder), max_tries=5, start_date=datetime.datetime(2025, 11, 15, 13, 0, 0, 550957, tzinfo=datetime.timezone.utc), end_date=None, state=<TaskInstanceState.RUNNING: 'running'>, is_mapped=False, rendered_map_index=None)","logger":"task","filename":"task_runner.py","lineno":1352}
