{"timestamp":"2025-10-09T00:00:02.375733Z","level":"info","event":"DAG bundles loaded: dags-folder","logger":"airflow.dag_processing.bundles.manager.DagBundlesManager","filename":"manager.py","lineno":179}
{"timestamp":"2025-10-09T00:00:02.382898Z","level":"info","event":"Filling up the DagBag from /opt/airflow/dags/get_data_with_airflow.py","logger":"airflow.models.dagbag.DagBag","filename":"dagbag.py","lineno":593}
{"timestamp":"2025-10-09T00:00:04.047354Z","level":"warning","event":"The `airflow.operators.python.PythonOperator` attribute is deprecated. Please use `'airflow.providers.standard.operators.python.PythonOperator'`.","category":"DeprecatedImportWarning","filename":"/opt/airflow/dags/get_data_with_airflow.py","lineno":4,"logger":"py.warnings"}
{"timestamp":"2025-10-09T00:00:04.047673Z","level":"warning","event":"The `airflow.operators.bash.BashOperator` attribute is deprecated. Please use `'airflow.providers.standard.operators.bash.BashOperator'`.","category":"DeprecatedImportWarning","filename":"/opt/airflow/dags/get_data_with_airflow.py","lineno":5,"logger":"py.warnings"}
{"timestamp":"2025-10-09T00:00:04.513831Z","level":"info","event":"..................TÜRKİYE VE YAKIN ÇEVRESİNDEKİ SON DEPREMLER....................","logger":"task.stdout"}
{"timestamp":"2025-10-09T00:00:04.515247Z","level":"info","event":".....BÖLGESEL DEPREM-TSUNAMİ İZLEME VE DEĞERLENDİRME MERKEZİ HIZLI ÇÖZÜMLERİ.....","logger":"task.stdout"}
{"timestamp":"2025-10-09T00:00:04.515330Z","level":"info","event":"......(YAPAY SARSINTI ANALİZİ YAPILMAMIŞTIR) Son 500 deprem listelenmiştir......","logger":"task.stdout"}
{"timestamp":"2025-10-09T00:00:04.515386Z","level":"info","event":"                                                        Büyüklük","logger":"task.stdout"}
{"timestamp":"2025-10-09T00:00:04.515502Z","level":"info","event":"Tarih      Saat      Enlem(N)  Boylam(E) Derinlik(km)  MD   ML   Mw    Yer                                             Çözüm Niteliği","logger":"task.stdout"}
{"timestamp":"2025-10-09T00:00:04.515686Z","level":"info","event":"---------- --------  --------  -------   ----------","logger":"task.stdout"}
{"timestamp":"2025-10-09T00:00:04.549631Z","level":"info","event":"        tarih      saat    enlem  ...   ML   Mw                                  yer","logger":"task.stdout"}
{"timestamp":"2025-10-09T00:00:04.549797Z","level":"info","event":"0  2025.10.09  02:41:59  39.2245  ...  1.2  -.-   ALAKIR-SINDIRGI (BALIKESIR) İlksel","logger":"task.stdout"}
{"timestamp":"2025-10-09T00:00:04.549869Z","level":"info","event":"1  2025.10.09  02:27:53  40.8757  ...  2.0  -.-                    EGE DENIZI İlksel","logger":"task.stdout"}
{"timestamp":"2025-10-09T00:00:04.549926Z","level":"info","event":"2  2025.10.09  02:25:18  38.6058  ...  1.8  -.-            SARIKAMIS-(ELAZIG) İlksel","logger":"task.stdout"}
{"timestamp":"2025-10-09T00:00:04.549987Z","level":"info","event":"3  2025.10.09  02:24:37  39.2545  ...  1.7  -.-  IBILLER-SINDIRGI (BALIKESIR) İlksel","logger":"task.stdout"}
{"timestamp":"2025-10-09T00:00:04.550038Z","level":"info","event":"4  2025.10.09  02:15:36  39.2567  ...  1.9  -.-  KARAGUR-SINDIRGI (BALIKESIR) İlksel","logger":"task.stdout"}
{"timestamp":"2025-10-09T00:00:04.550083Z","level":"info","event":"","logger":"task.stdout"}
{"timestamp":"2025-10-09T00:00:04.550228Z","level":"info","event":"[5 rows x 9 columns]","logger":"task.stdout"}
{"timestamp":"2025-10-09T00:00:04.549872Z","level":"info","event":"Successfully scraped 500 items.","logger":"root","filename":"get_data_with_airflow.py","lineno":59}
{"timestamp":"2025-10-09T00:00:04.550395Z","level":"info","event":"Done. Returned value was: 500","logger":"airflow.task.operators.airflow.providers.standard.operators.python.PythonOperator","filename":"python.py","lineno":218}
{"timestamp":"2025-10-09T00:00:04.551044Z","level":"info","event":"Pushing xcom","ti":"RuntimeTaskInstance(id=UUID('0199c644-788c-7dc3-9abd-6f7207474300'), task_id='fetch_earthquake_data', dag_id='kandilli_earthquake_data_pipeline_v3', run_id='scheduled__2025-10-09T00:00:00+00:00', try_number=1, dag_version_id=UUID('0199c5cc-626c-75fa-bc5d-ae1246295efc'), map_index=-1, hostname='9cda2ffc2213', context_carrier={}, task=<Task(PythonOperator): fetch_earthquake_data>, bundle_instance=LocalDagBundle(name=dags-folder), max_tries=5, start_date=datetime.datetime(2025, 10, 9, 0, 0, 1, 51587, tzinfo=datetime.timezone.utc), end_date=None, state=<TaskInstanceState.RUNNING: 'running'>, is_mapped=False, rendered_map_index=None)","logger":"task","filename":"task_runner.py","lineno":1352}
