{"timestamp":"2025-11-16T11:37:17.465584Z","level":"info","event":"DAG bundles loaded: dags-folder","logger":"airflow.dag_processing.bundles.manager.DagBundlesManager","filename":"manager.py","lineno":179}
{"timestamp":"2025-11-16T11:37:17.468293Z","level":"info","event":"Filling up the DagBag from /opt/airflow/dags/get_data_with_airflow.py","logger":"airflow.models.dagbag.DagBag","filename":"dagbag.py","lineno":593}
{"timestamp":"2025-11-16T11:37:19.665075Z","level":"warning","event":"The `airflow.operators.python.PythonOperator` attribute is deprecated. Please use `'airflow.providers.standard.operators.python.PythonOperator'`.","category":"DeprecatedImportWarning","filename":"/opt/airflow/dags/get_data_with_airflow.py","lineno":4,"logger":"py.warnings"}
{"timestamp":"2025-11-16T11:37:19.665290Z","level":"warning","event":"The `airflow.operators.bash.BashOperator` attribute is deprecated. Please use `'airflow.providers.standard.operators.bash.BashOperator'`.","category":"DeprecatedImportWarning","filename":"/opt/airflow/dags/get_data_with_airflow.py","lineno":5,"logger":"py.warnings"}
{"timestamp":"2025-11-16T11:37:20.645712Z","level":"info","event":"..................TÜRKİYE VE YAKIN ÇEVRESİNDEKİ SON DEPREMLER....................","logger":"task.stdout"}
{"timestamp":"2025-11-16T11:37:20.646395Z","level":"info","event":".....BÖLGESEL DEPREM-TSUNAMİ İZLEME VE DEĞERLENDİRME MERKEZİ HIZLI ÇÖZÜMLERİ.....","logger":"task.stdout"}
{"timestamp":"2025-11-16T11:37:20.646516Z","level":"info","event":"......(YAPAY SARSINTI ANALİZİ YAPILMAMIŞTIR) Son 500 deprem listelenmiştir......","logger":"task.stdout"}
{"timestamp":"2025-11-16T11:37:20.646580Z","level":"info","event":"                                                        Büyüklük","logger":"task.stdout"}
{"timestamp":"2025-11-16T11:37:20.646637Z","level":"info","event":"Tarih      Saat      Enlem(N)  Boylam(E) Derinlik(km)  MD   ML   Mw    Yer                                             Çözüm Niteliği","logger":"task.stdout"}
{"timestamp":"2025-11-16T11:37:20.646689Z","level":"info","event":"---------- --------  --------  -------   ----------","logger":"task.stdout"}
{"timestamp":"2025-11-16T11:37:20.680455Z","level":"info","event":"        tarih      saat  ...   Mw                                    yer","logger":"task.stdout"}
{"timestamp":"2025-11-16T11:37:20.681463Z","level":"info","event":"0  2025.11.16  13:42:26  ...  -.-          KALEKOY-KALE (MALATYA) İlksel","logger":"task.stdout"}
{"timestamp":"2025-11-16T11:37:20.681544Z","level":"info","event":"1  2025.11.16  13:41:09  ...  -.-   YAYLACIK-SINDIRGI (BALIKESIR) İlksel","logger":"task.stdout"}
{"timestamp":"2025-11-16T11:37:20.681591Z","level":"info","event":"2  2025.11.16  13:14:42  ...  -.-               ALTINLI-(CANKIRI) İlksel","logger":"task.stdout"}
{"timestamp":"2025-11-16T11:37:20.681638Z","level":"info","event":"3  2025.11.16  12:42:25  ...  -.-  SINANDEDE-SINDIRGI (BALIKESIR) İlksel","logger":"task.stdout"}
{"timestamp":"2025-11-16T11:37:20.681692Z","level":"info","event":"4  2025.11.16  12:37:34  ...  -.-    BAYIRLI-SINDIRGI (BALIKESIR) İlksel","logger":"task.stdout"}
{"timestamp":"2025-11-16T11:37:20.681776Z","level":"info","event":"","logger":"task.stdout"}
{"timestamp":"2025-11-16T11:37:20.682052Z","level":"info","event":"[5 rows x 9 columns]","logger":"task.stdout"}
{"timestamp":"2025-11-16T11:37:20.680821Z","level":"info","event":"Successfully scraped 500 items.","logger":"root","filename":"get_data_with_airflow.py","lineno":66}
{"timestamp":"2025-11-16T11:37:20.682450Z","level":"info","event":"Done. Returned value was: 500","logger":"airflow.task.operators.airflow.providers.standard.operators.python.PythonOperator","filename":"python.py","lineno":218}
{"timestamp":"2025-11-16T11:37:20.683015Z","level":"info","event":"Pushing xcom","ti":"RuntimeTaskInstance(id=UUID('019a8c73-4d44-72b6-9059-c086658df9f9'), task_id='fetch_earthquake_data', dag_id='kandilli_earthquake_data_pipeline_v4', run_id='scheduled__2025-11-16T11:00:00+00:00', try_number=8, dag_version_id=UUID('0199d36c-84f6-7616-8149-d1895cb7cd08'), map_index=-1, hostname='cdb02a8f0a96', context_carrier={}, task=<Task(PythonOperator): fetch_earthquake_data>, bundle_instance=LocalDagBundle(name=dags-folder), max_tries=11, start_date=datetime.datetime(2025, 11, 16, 11, 37, 15, 636563, tzinfo=datetime.timezone.utc), end_date=None, state=<TaskInstanceState.RUNNING: 'running'>, is_mapped=False, rendered_map_index=None)","logger":"task","filename":"task_runner.py","lineno":1352}
