{"timestamp":"2025-10-08T23:02:45.072360Z","level":"info","event":"DAG bundles loaded: dags-folder","logger":"airflow.dag_processing.bundles.manager.DagBundlesManager","filename":"manager.py","lineno":179}
{"timestamp":"2025-10-08T23:02:45.080633Z","level":"info","event":"Filling up the DagBag from /opt/airflow/dags/get_data_with_airflow.py","logger":"airflow.models.dagbag.DagBag","filename":"dagbag.py","lineno":593}
{"timestamp":"2025-10-08T23:02:46.091428Z","level":"warning","event":"The `airflow.operators.python.PythonOperator` attribute is deprecated. Please use `'airflow.providers.standard.operators.python.PythonOperator'`.","category":"DeprecatedImportWarning","filename":"/opt/airflow/dags/get_data_with_airflow.py","lineno":4,"logger":"py.warnings"}
{"timestamp":"2025-10-08T23:02:46.092583Z","level":"warning","event":"The `airflow.operators.bash.BashOperator` attribute is deprecated. Please use `'airflow.providers.standard.operators.bash.BashOperator'`.","category":"DeprecatedImportWarning","filename":"/opt/airflow/dags/get_data_with_airflow.py","lineno":5,"logger":"py.warnings"}
{"timestamp":"2025-10-08T23:02:47.248321Z","level":"info","event":"..................TÜRKİYE VE YAKIN ÇEVRESİNDEKİ SON DEPREMLER....................","logger":"task.stdout"}
{"timestamp":"2025-10-08T23:02:47.252393Z","level":"info","event":".....BÖLGESEL DEPREM-TSUNAMİ İZLEME VE DEĞERLENDİRME MERKEZİ HIZLI ÇÖZÜMLERİ.....","logger":"task.stdout"}
{"timestamp":"2025-10-08T23:02:47.252598Z","level":"info","event":"......(YAPAY SARSINTI ANALİZİ YAPILMAMIŞTIR) Son 500 deprem listelenmiştir......","logger":"task.stdout"}
{"timestamp":"2025-10-08T23:02:47.252727Z","level":"info","event":"                                                        Büyüklük","logger":"task.stdout"}
{"timestamp":"2025-10-08T23:02:47.252927Z","level":"info","event":"Tarih      Saat      Enlem(N)  Boylam(E) Derinlik(km)  MD   ML   Mw    Yer                                             Çözüm Niteliği","logger":"task.stdout"}
{"timestamp":"2025-10-08T23:02:47.253009Z","level":"info","event":"---------- --------  --------  -------   ----------","logger":"task.stdout"}
{"timestamp":"2025-10-08T23:02:47.334014Z","level":"info","event":"        tarih      saat    enlem  ...   ML   Mw                                  yer","logger":"task.stdout"}
{"timestamp":"2025-10-08T23:02:47.334637Z","level":"info","event":"0  2025.10.09  01:44:02  36.9745  ...  1.8  -.-   GOKOVA KORFEZI (EGE DENIZI) İlksel","logger":"task.stdout"}
{"timestamp":"2025-10-08T23:02:47.335024Z","level":"info","event":"1  2025.10.09  01:34:49  39.2513  ...  1.3  -.-  KARAGUR-SINDIRGI (BALIKESIR) İlksel","logger":"task.stdout"}
{"timestamp":"2025-10-08T23:02:47.335203Z","level":"info","event":"2  2025.10.09  01:22:36  40.0832  ...  1.8  -.-   DEVECIKARGIN-ARTOVA (TOKAT) İlksel","logger":"task.stdout"}
{"timestamp":"2025-10-08T23:02:47.335824Z","level":"info","event":"3  2025.10.09  01:19:37  39.1815  ...  1.3  -.-    AKTAS-SINDIRGI (BALIKESIR) İlksel","logger":"task.stdout"}
{"timestamp":"2025-10-08T23:02:47.336091Z","level":"info","event":"4  2025.10.09  01:00:35  39.1537  ...  1.3  -.-        ISACA-AKHISAR (MANISA) İlksel","logger":"task.stdout"}
{"timestamp":"2025-10-08T23:02:47.336661Z","level":"info","event":"","logger":"task.stdout"}
{"timestamp":"2025-10-08T23:02:47.337913Z","level":"info","event":"[5 rows x 9 columns]","logger":"task.stdout"}
{"timestamp":"2025-10-08T23:02:47.335393Z","level":"info","event":"Successfully scraped 500 items.","logger":"root","filename":"get_data_with_airflow.py","lineno":59}
{"timestamp":"2025-10-08T23:02:47.339833Z","level":"info","event":"Done. Returned value was: 500","logger":"airflow.task.operators.airflow.providers.standard.operators.python.PythonOperator","filename":"python.py","lineno":218}
{"timestamp":"2025-10-08T23:02:47.340621Z","level":"info","event":"Pushing xcom","ti":"RuntimeTaskInstance(id=UUID('0199c610-0069-79cb-87e2-08492e06484c'), task_id='fetch_earthquake_data', dag_id='kandilli_earthquake_data_pipeline_v3', run_id='scheduled__2025-10-08T23:00:00+00:00', try_number=1, dag_version_id=UUID('0199c5cc-626c-75fa-bc5d-ae1246295efc'), map_index=-1, hostname='9cda2ffc2213', context_carrier={}, task=<Task(PythonOperator): fetch_earthquake_data>, bundle_instance=LocalDagBundle(name=dags-folder), max_tries=5, start_date=datetime.datetime(2025, 10, 8, 23, 2, 42, 142611, tzinfo=datetime.timezone.utc), end_date=None, state=<TaskInstanceState.RUNNING: 'running'>, is_mapped=False, rendered_map_index=None)","logger":"task","filename":"task_runner.py","lineno":1352}
