{"timestamp":"2025-10-09T08:17:10.601189Z","level":"info","event":"DAG bundles loaded: dags-folder","logger":"airflow.dag_processing.bundles.manager.DagBundlesManager","filename":"manager.py","lineno":179}
{"timestamp":"2025-10-09T08:17:10.604580Z","level":"info","event":"Filling up the DagBag from /opt/airflow/dags/get_data_with_airflow.py","logger":"airflow.models.dagbag.DagBag","filename":"dagbag.py","lineno":593}
{"timestamp":"2025-10-09T08:17:11.777528Z","level":"warning","event":"The `airflow.operators.python.PythonOperator` attribute is deprecated. Please use `'airflow.providers.standard.operators.python.PythonOperator'`.","category":"DeprecatedImportWarning","filename":"/opt/airflow/dags/get_data_with_airflow.py","lineno":4,"logger":"py.warnings"}
{"timestamp":"2025-10-09T08:17:11.777646Z","level":"warning","event":"The `airflow.operators.bash.BashOperator` attribute is deprecated. Please use `'airflow.providers.standard.operators.bash.BashOperator'`.","category":"DeprecatedImportWarning","filename":"/opt/airflow/dags/get_data_with_airflow.py","lineno":5,"logger":"py.warnings"}
{"timestamp":"2025-10-09T08:17:11.940055Z","level":"info","event":"..................TÜRKİYE VE YAKIN ÇEVRESİNDEKİ SON DEPREMLER....................","logger":"task.stdout"}
{"timestamp":"2025-10-09T08:17:11.940239Z","level":"info","event":".....BÖLGESEL DEPREM-TSUNAMİ İZLEME VE DEĞERLENDİRME MERKEZİ HIZLI ÇÖZÜMLERİ.....","logger":"task.stdout"}
{"timestamp":"2025-10-09T08:17:11.940327Z","level":"info","event":"......(YAPAY SARSINTI ANALİZİ YAPILMAMIŞTIR) Son 500 deprem listelenmiştir......","logger":"task.stdout"}
{"timestamp":"2025-10-09T08:17:11.940374Z","level":"info","event":"                                                        Büyüklük","logger":"task.stdout"}
{"timestamp":"2025-10-09T08:17:11.940422Z","level":"info","event":"Tarih      Saat      Enlem(N)  Boylam(E) Derinlik(km)  MD   ML   Mw    Yer                                             Çözüm Niteliği","logger":"task.stdout"}
{"timestamp":"2025-10-09T08:17:11.940467Z","level":"info","event":"---------- --------  --------  -------   ----------","logger":"task.stdout"}
{"timestamp":"2025-10-09T08:17:11.956618Z","level":"info","event":"        tarih      saat    enlem  ...   ML   Mw                               yer","logger":"task.stdout"}
{"timestamp":"2025-10-09T08:17:11.956731Z","level":"info","event":"0  2025.10.09  10:40:38  39.2438  ...  2.0  -.-  KATRANDAGI-EMET (KUTAHYA) İlksel","logger":"task.stdout"}
{"timestamp":"2025-10-09T08:17:11.956798Z","level":"info","event":"1  2025.10.09  10:33:03  39.2250  ...  1.4  -.-    EGIRLER-SIMAV (KUTAHYA) İlksel","logger":"task.stdout"}
{"timestamp":"2025-10-09T08:17:11.956880Z","level":"info","event":"2  2025.10.09  10:29:51  39.2520  ...  3.5  3.4  KATRANDAGI-EMET (KUTAHYA) İlksel","logger":"task.stdout"}
{"timestamp":"2025-10-09T08:17:11.957002Z","level":"info","event":"3  2025.10.09  10:28:15  39.2372  ...  2.1  -.-    YEMISLI-SIMAV (KUTAHYA) İlksel","logger":"task.stdout"}
{"timestamp":"2025-10-09T08:17:11.957059Z","level":"info","event":"4  2025.10.09  10:19:37  39.2358  ...  1.9  -.-    YEMISLI-SIMAV (KUTAHYA) İlksel","logger":"task.stdout"}
{"timestamp":"2025-10-09T08:17:11.957099Z","level":"info","event":"","logger":"task.stdout"}
{"timestamp":"2025-10-09T08:17:11.957146Z","level":"info","event":"[5 rows x 9 columns]","logger":"task.stdout"}
{"timestamp":"2025-10-09T08:17:11.956720Z","level":"info","event":"Successfully scraped 500 items.","logger":"root","filename":"get_data_with_airflow.py","lineno":59}
{"timestamp":"2025-10-09T08:17:11.957139Z","level":"info","event":"Done. Returned value was: 500","logger":"airflow.task.operators.airflow.providers.standard.operators.python.PythonOperator","filename":"python.py","lineno":218}
{"timestamp":"2025-10-09T08:17:11.957275Z","level":"info","event":"Pushing xcom","ti":"RuntimeTaskInstance(id=UUID('0199c80b-a404-78fa-a6f2-16a7883602f7'), task_id='fetch_earthquake_data', dag_id='kandilli_earthquake_data_pipeline_v4', run_id='scheduled__2025-10-09T08:00:00+00:00', try_number=1, dag_version_id=UUID('0199c655-a686-7cc3-ad60-450f04cdc43a'), map_index=-1, hostname='9cda2ffc2213', context_carrier={}, task=<Task(PythonOperator): fetch_earthquake_data>, bundle_instance=LocalDagBundle(name=dags-folder), max_tries=5, start_date=datetime.datetime(2025, 10, 9, 8, 17, 10, 433331, tzinfo=datetime.timezone.utc), end_date=None, state=<TaskInstanceState.RUNNING: 'running'>, is_mapped=False, rendered_map_index=None)","logger":"task","filename":"task_runner.py","lineno":1352}
