{"timestamp":"2025-11-21T07:00:00.554807Z","level":"info","event":"DAG bundles loaded: dags-folder","logger":"airflow.dag_processing.bundles.manager.DagBundlesManager","filename":"manager.py","lineno":179}
{"timestamp":"2025-11-21T07:00:00.559160Z","level":"info","event":"Filling up the DagBag from /opt/airflow/dags/get_data_with_airflow.py","logger":"airflow.models.dagbag.DagBag","filename":"dagbag.py","lineno":593}
{"timestamp":"2025-11-21T07:00:01.637785Z","level":"warning","event":"The `airflow.operators.python.PythonOperator` attribute is deprecated. Please use `'airflow.providers.standard.operators.python.PythonOperator'`.","category":"DeprecatedImportWarning","filename":"/opt/airflow/dags/get_data_with_airflow.py","lineno":4,"logger":"py.warnings"}
{"timestamp":"2025-11-21T07:00:01.637868Z","level":"warning","event":"The `airflow.operators.bash.BashOperator` attribute is deprecated. Please use `'airflow.providers.standard.operators.bash.BashOperator'`.","category":"DeprecatedImportWarning","filename":"/opt/airflow/dags/get_data_with_airflow.py","lineno":5,"logger":"py.warnings"}
{"timestamp":"2025-11-21T07:00:01.637899Z","level":"warning","event":"The `airflow.decorators.dag` attribute is deprecated. Please use `'airflow.sdk.dag'`.","category":"DeprecatedImportWarning","filename":"/opt/airflow/dags/get_data_with_airflow.py","lineno":12,"logger":"py.warnings"}
{"timestamp":"2025-11-21T07:00:01.637923Z","level":"warning","event":"The `airflow.decorators.task` attribute is deprecated. Please use `'airflow.sdk.task'`.","category":"DeprecatedImportWarning","filename":"/opt/airflow/dags/get_data_with_airflow.py","lineno":12,"logger":"py.warnings"}
{"timestamp":"2025-11-21T07:00:01.817299Z","level":"info","event":"..................TÜRKİYE VE YAKIN ÇEVRESİNDEKİ SON DEPREMLER....................","logger":"task.stdout"}
{"timestamp":"2025-11-21T07:00:01.818051Z","level":"info","event":".....BÖLGESEL DEPREM-TSUNAMİ İZLEME VE DEĞERLENDİRME MERKEZİ HIZLI ÇÖZÜMLERİ.....","logger":"task.stdout"}
{"timestamp":"2025-11-21T07:00:01.818166Z","level":"info","event":"......(YAPAY SARSINTI ANALİZİ YAPILMAMIŞTIR) Son 500 deprem listelenmiştir......","logger":"task.stdout"}
{"timestamp":"2025-11-21T07:00:01.818247Z","level":"info","event":"                                                        Büyüklük","logger":"task.stdout"}
{"timestamp":"2025-11-21T07:00:01.818347Z","level":"info","event":"Tarih      Saat      Enlem(N)  Boylam(E) Derinlik(km)  MD   ML   Mw    Yer                                             Çözüm Niteliği","logger":"task.stdout"}
{"timestamp":"2025-11-21T07:00:01.818415Z","level":"info","event":"---------- --------  --------  -------   ----------","logger":"task.stdout"}
{"timestamp":"2025-11-21T07:00:01.834012Z","level":"info","event":"        tarih      saat    enlem  ...   ML   Mw                                 yer","logger":"task.stdout"}
{"timestamp":"2025-11-21T07:00:01.835048Z","level":"info","event":"0  2025.11.21  09:45:53  39.2867  ...  1.4  -.-       CAMLIK-SIMAV (KUTAHYA) İlksel","logger":"task.stdout"}
{"timestamp":"2025-11-21T07:00:01.835129Z","level":"info","event":"1  2025.11.21  09:41:37  38.5898  ...  2.1  -.-   IZMIR KORFEZI (EGE DENIZI) İlksel","logger":"task.stdout"}
{"timestamp":"2025-11-21T07:00:01.835200Z","level":"info","event":"2  2025.11.21  09:32:15  39.0087  ...  1.5  -.-     EFENDILI-GORDES (MANISA) İlksel","logger":"task.stdout"}
{"timestamp":"2025-11-21T07:00:01.835260Z","level":"info","event":"3  2025.11.21  09:19:15  39.2117  ...  1.7  -.-  KERTIL-SINDIRGI (BALIKESIR) İlksel","logger":"task.stdout"}
{"timestamp":"2025-11-21T07:00:01.835308Z","level":"info","event":"4  2025.11.21  08:18:51  34.6940  ...  3.7  -.-        GIRIT ADASI (AKDENIZ) İlksel","logger":"task.stdout"}
{"timestamp":"2025-11-21T07:00:01.835351Z","level":"info","event":"","logger":"task.stdout"}
{"timestamp":"2025-11-21T07:00:01.835424Z","level":"info","event":"[5 rows x 9 columns]","logger":"task.stdout"}
{"timestamp":"2025-11-21T07:00:01.834274Z","level":"info","event":"Successfully scraped 500 items.","logger":"root","filename":"get_data_with_airflow.py","lineno":176}
{"timestamp":"2025-11-21T07:00:01.834802Z","level":"info","event":"Done. Returned value was: 500","logger":"airflow.task.operators.airflow.providers.standard.decorators.python._PythonDecoratedOperator","filename":"python.py","lineno":218}
{"timestamp":"2025-11-21T07:00:01.834957Z","level":"info","event":"Pushing xcom","ti":"RuntimeTaskInstance(id=UUID('019aa536-7211-7967-9ea2-1eefa6197402'), task_id='fetch_earthquake_data', dag_id='kandilli_earthquake_data_pipeline_v5', run_id='scheduled__2025-11-21T07:00:00+00:00', try_number=1, dag_version_id=UUID('019aa150-28c6-7138-957a-60558b150315'), map_index=-1, hostname='d4648a2ceab8', context_carrier={}, task=<Task(_PythonDecoratedOperator): fetch_earthquake_data>, bundle_instance=LocalDagBundle(name=dags-folder), max_tries=0, start_date=datetime.datetime(2025, 11, 21, 7, 0, 0, 393851, tzinfo=datetime.timezone.utc), end_date=None, state=<TaskInstanceState.RUNNING: 'running'>, is_mapped=False, rendered_map_index=None)","logger":"task","filename":"task_runner.py","lineno":1352}
