{"timestamp":"2025-11-11T14:04:51.159072Z","level":"info","event":"DAG bundles loaded: dags-folder","logger":"airflow.dag_processing.bundles.manager.DagBundlesManager","filename":"manager.py","lineno":179}
{"timestamp":"2025-11-11T14:04:51.163470Z","level":"info","event":"Filling up the DagBag from /opt/airflow/dags/get_data_with_airflow.py","logger":"airflow.models.dagbag.DagBag","filename":"dagbag.py","lineno":593}
{"timestamp":"2025-11-11T14:04:52.269491Z","level":"warning","event":"The `airflow.operators.python.PythonOperator` attribute is deprecated. Please use `'airflow.providers.standard.operators.python.PythonOperator'`.","category":"DeprecatedImportWarning","filename":"/opt/airflow/dags/get_data_with_airflow.py","lineno":4,"logger":"py.warnings"}
{"timestamp":"2025-11-11T14:04:52.269635Z","level":"warning","event":"The `airflow.operators.bash.BashOperator` attribute is deprecated. Please use `'airflow.providers.standard.operators.bash.BashOperator'`.","category":"DeprecatedImportWarning","filename":"/opt/airflow/dags/get_data_with_airflow.py","lineno":5,"logger":"py.warnings"}
{"timestamp":"2025-11-11T14:04:53.460548Z","level":"info","event":"..................TÜRKİYE VE YAKIN ÇEVRESİNDEKİ SON DEPREMLER....................","logger":"task.stdout"}
{"timestamp":"2025-11-11T14:04:53.461432Z","level":"info","event":".....BÖLGESEL DEPREM-TSUNAMİ İZLEME VE DEĞERLENDİRME MERKEZİ HIZLI ÇÖZÜMLERİ.....","logger":"task.stdout"}
{"timestamp":"2025-11-11T14:04:53.462441Z","level":"info","event":"......(YAPAY SARSINTI ANALİZİ YAPILMAMIŞTIR) Son 500 deprem listelenmiştir......","logger":"task.stdout"}
{"timestamp":"2025-11-11T14:04:53.462749Z","level":"info","event":"                                                        Büyüklük","logger":"task.stdout"}
{"timestamp":"2025-11-11T14:04:53.462891Z","level":"info","event":"Tarih      Saat      Enlem(N)  Boylam(E) Derinlik(km)  MD   ML   Mw    Yer                                             Çözüm Niteliği","logger":"task.stdout"}
{"timestamp":"2025-11-11T14:04:53.462968Z","level":"info","event":"---------- --------  --------  -------   ----------","logger":"task.stdout"}
{"timestamp":"2025-11-11T14:04:53.490685Z","level":"info","event":"        tarih      saat  ...   Mw                                   yer","logger":"task.stdout"}
{"timestamp":"2025-11-11T14:04:53.491884Z","level":"info","event":"0  2025.11.11  16:42:04  ...  -.-  YAYLACIK-SINDIRGI (BALIKESIR) İlksel","logger":"task.stdout"}
{"timestamp":"2025-11-11T14:04:53.491957Z","level":"info","event":"1  2025.11.11  16:34:49  ...  -.-    KERTIL-SINDIRGI (BALIKESIR) İlksel","logger":"task.stdout"}
{"timestamp":"2025-11-11T14:04:53.492002Z","level":"info","event":"2  2025.11.11  16:26:05  ...  -.-   MANDIRA-SINDIRGI (BALIKESIR) İlksel","logger":"task.stdout"}
{"timestamp":"2025-11-11T14:04:53.492040Z","level":"info","event":"3  2025.11.11  16:21:32  ...  -.-  YAYLACIK-SINDIRGI (BALIKESIR) İlksel","logger":"task.stdout"}
{"timestamp":"2025-11-11T14:04:53.492082Z","level":"info","event":"4  2025.11.11  16:05:01  ...  -.-           NASA-SIMAV (KUTAHYA) İlksel","logger":"task.stdout"}
{"timestamp":"2025-11-11T14:04:53.492120Z","level":"info","event":"","logger":"task.stdout"}
{"timestamp":"2025-11-11T14:04:53.492155Z","level":"info","event":"[5 rows x 9 columns]","logger":"task.stdout"}
{"timestamp":"2025-11-11T14:04:53.490384Z","level":"info","event":"Successfully scraped 500 items.","logger":"root","filename":"get_data_with_airflow.py","lineno":66}
{"timestamp":"2025-11-11T14:04:53.491023Z","level":"info","event":"Done. Returned value was: 500","logger":"airflow.task.operators.airflow.providers.standard.operators.python.PythonOperator","filename":"python.py","lineno":218}
{"timestamp":"2025-11-11T14:04:53.491342Z","level":"info","event":"Pushing xcom","ti":"RuntimeTaskInstance(id=UUID('019a733b-cca5-777a-8fea-4febef9aae4a'), task_id='fetch_earthquake_data', dag_id='kandilli_earthquake_data_pipeline_v4', run_id='scheduled__2025-11-11T14:00:00+00:00', try_number=1, dag_version_id=UUID('0199d36c-84f6-7616-8149-d1895cb7cd08'), map_index=-1, hostname='12e882753060', context_carrier={}, task=<Task(PythonOperator): fetch_earthquake_data>, bundle_instance=LocalDagBundle(name=dags-folder), max_tries=5, start_date=datetime.datetime(2025, 11, 11, 14, 4, 50, 326341, tzinfo=datetime.timezone.utc), end_date=None, state=<TaskInstanceState.RUNNING: 'running'>, is_mapped=False, rendered_map_index=None)","logger":"task","filename":"task_runner.py","lineno":1352}
