{"timestamp":"2025-11-15T19:29:06.338771Z","level":"info","event":"DAG bundles loaded: dags-folder","logger":"airflow.dag_processing.bundles.manager.DagBundlesManager","filename":"manager.py","lineno":179}
{"timestamp":"2025-11-15T19:29:06.339356Z","level":"info","event":"Filling up the DagBag from /opt/airflow/dags/get_data_with_airflow.py","logger":"airflow.models.dagbag.DagBag","filename":"dagbag.py","lineno":593}
{"timestamp":"2025-11-15T19:29:06.874242Z","level":"warning","event":"The `airflow.operators.python.PythonOperator` attribute is deprecated. Please use `'airflow.providers.standard.operators.python.PythonOperator'`.","category":"DeprecatedImportWarning","filename":"/opt/airflow/dags/get_data_with_airflow.py","lineno":4,"logger":"py.warnings"}
{"timestamp":"2025-11-15T19:29:06.874363Z","level":"warning","event":"The `airflow.operators.bash.BashOperator` attribute is deprecated. Please use `'airflow.providers.standard.operators.bash.BashOperator'`.","category":"DeprecatedImportWarning","filename":"/opt/airflow/dags/get_data_with_airflow.py","lineno":5,"logger":"py.warnings"}
{"timestamp":"2025-11-15T19:29:07.055427Z","level":"info","event":"..................TÜRKİYE VE YAKIN ÇEVRESİNDEKİ SON DEPREMLER....................","logger":"task.stdout"}
{"timestamp":"2025-11-15T19:29:07.055903Z","level":"info","event":".....BÖLGESEL DEPREM-TSUNAMİ İZLEME VE DEĞERLENDİRME MERKEZİ HIZLI ÇÖZÜMLERİ.....","logger":"task.stdout"}
{"timestamp":"2025-11-15T19:29:07.056023Z","level":"info","event":"......(YAPAY SARSINTI ANALİZİ YAPILMAMIŞTIR) Son 500 deprem listelenmiştir......","logger":"task.stdout"}
{"timestamp":"2025-11-15T19:29:07.056107Z","level":"info","event":"                                                        Büyüklük","logger":"task.stdout"}
{"timestamp":"2025-11-15T19:29:07.056187Z","level":"info","event":"Tarih      Saat      Enlem(N)  Boylam(E) Derinlik(km)  MD   ML   Mw    Yer                                             Çözüm Niteliği","logger":"task.stdout"}
{"timestamp":"2025-11-15T19:29:07.056277Z","level":"info","event":"---------- --------  --------  -------   ----------","logger":"task.stdout"}
{"timestamp":"2025-11-15T19:29:07.070415Z","level":"info","event":"        tarih      saat  ...   Mw                                              yer","logger":"task.stdout"}
{"timestamp":"2025-11-15T19:29:07.070663Z","level":"info","event":"0  2025.11.15  22:18:07  ...  -.-              ISIKLAR-SINDIRGI (BALIKESIR) İlksel","logger":"task.stdout"}
{"timestamp":"2025-11-15T19:29:07.071045Z","level":"info","event":"1  2025.11.15  22:15:11  ...  -.-         KUCUKDAGDERE-SINDIRGI (BALIKESIR) İlksel","logger":"task.stdout"}
{"timestamp":"2025-11-15T19:29:07.071172Z","level":"info","event":"2  2025.11.15  22:12:44  ...  -.-              IBILLER-SINDIRGI (BALIKESIR) İlksel","logger":"task.stdout"}
{"timestamp":"2025-11-15T19:29:07.071300Z","level":"info","event":"3  2025.11.15  21:42:11  ...  -.-  GULPINAR ACIKLARI-CANAKKALE (EGE DENIZI) İlksel","logger":"task.stdout"}
{"timestamp":"2025-11-15T19:29:07.071498Z","level":"info","event":"4  2025.11.15  21:39:50  ...  -.-  GULPINAR ACIKLARI-CANAKKALE (EGE DENIZI) İlksel","logger":"task.stdout"}
{"timestamp":"2025-11-15T19:29:07.071979Z","level":"info","event":"","logger":"task.stdout"}
{"timestamp":"2025-11-15T19:29:07.072074Z","level":"info","event":"[5 rows x 9 columns]","logger":"task.stdout"}
{"timestamp":"2025-11-15T19:29:07.070097Z","level":"info","event":"Successfully scraped 500 items.","logger":"root","filename":"get_data_with_airflow.py","lineno":66}
{"timestamp":"2025-11-15T19:29:07.071181Z","level":"info","event":"Done. Returned value was: 500","logger":"airflow.task.operators.airflow.providers.standard.operators.python.PythonOperator","filename":"python.py","lineno":218}
{"timestamp":"2025-11-15T19:29:07.071515Z","level":"info","event":"Pushing xcom","ti":"RuntimeTaskInstance(id=UUID('019a88fe-1c7c-7bd8-b413-911ec9492c31'), task_id='fetch_earthquake_data', dag_id='kandilli_earthquake_data_pipeline_v4', run_id='scheduled__2025-11-15T19:00:00+00:00', try_number=1, dag_version_id=UUID('0199d36c-84f6-7616-8149-d1895cb7cd08'), map_index=-1, hostname='9bf6349055c0', context_carrier={}, task=<Task(PythonOperator): fetch_earthquake_data>, bundle_instance=LocalDagBundle(name=dags-folder), max_tries=5, start_date=datetime.datetime(2025, 11, 15, 19, 29, 6, 279685, tzinfo=datetime.timezone.utc), end_date=None, state=<TaskInstanceState.RUNNING: 'running'>, is_mapped=False, rendered_map_index=None)","logger":"task","filename":"task_runner.py","lineno":1352}
